[
  {
    "Symbol": "AAVE",
    "Name": "Aave",
    "Decimals": 8,
    "DepositFee": 0.0,
    "DepositConfirmations": 30,
    "DepositStatus": "OK",
    "WithdrawalFee": 24.0,
    "WithdrawalMinAmount": 24.0,
    "WithdrawalStatus": "OK",
    "Networks": [
      "ETH"
    ],
    "Message": ""
  },
  {
    "Symbol": "ADA",
    "Name": "Cardano",
    "Decimals": 6,
    "DepositFee": 0.0,
    "DepositConfirmations": 15,
    "DepositStatus": "OK",
    "WithdrawalFee": 2.0,
    "WithdrawalMinAmount": 1.0,
    "WithdrawalStatus": "OK",
    "Networks": [
      "Mainnet"
    ],
    "Message": ""
  },
  {
    "Symbol": "AE",
    "Name": "Aeternity",
    "Decimals": 8,
    "DepositFee": 0.0,
    "DepositConfirmations": 60,
    "DepositStatus": "DELISTED",
    "WithdrawalFee": 1.0,
    "WithdrawalMinAmount": 1.0,
    "WithdrawalStatus": "OK",
    "Networks": [
      "Mainnet"
    ],
    "Message": ""
  },
  {
    "Symbol": "AION",
    "Name": "Aion",
    "Decimals": 8,
    "DepositFee": 0.0,
    "DepositConfirmations": 100,
    "DepositStatus": "OK",
    "WithdrawalFee": 1.0,
    "WithdrawalMinAmount": 1.0,
    "WithdrawalStatus": "OK",
    "Networks": [
      "Mainnet"
    ],
    "Message": ""
  },
  {
    "Symbol": "ANT",
    "Name": "Aragon",
    "Decimals": 8,
    "DepositFee": 0.0,
    "DepositConfirmations": 30,
    "DepositStatus": "OK",
    "WithdrawalFee": 2.0,
    "WithdrawalMinAmount": 2.0,
    "WithdrawalStatus": "OK",
    "Networks": [
      "ETH"
    ],
    "Message": ""
  },
  {
    "Symbol": "ARK",
    "Name": "Ark",
    "Decimals": 8,
    "DepositFee": 0.0,
    "DepositConfirmations": 51,
    "DepositStatus": "OK",
    "WithdrawalFee": 2.0,
    "WithdrawalMinAmount": 2.0,
    "WithdrawalStatus": "OK",
    "Networks": [
      "Mainnet"
    ],
    "Message": ""
  },
  {
    "Symbol": "BAL",
    "Name": "Balancer",
    "Decimals": 8,
    "DepositFee": 0.0,
    "DepositConfirmations": 30,
    "DepositStatus": "OK",
    "WithdrawalFee": 36.0,
    "WithdrawalMinAmount": 36.0,
    "WithdrawalStatus": "OK",
    "Networks": [
      "ETH"
    ],
    "Message": ""
  },
  {
    "Symbol": "BAND",
    "Name": "Band Protocol",
    "Decimals": 8,
    "DepositFee": 0.0,
    "DepositConfirmations": 30,
    "DepositStatus": "OK",
    "WithdrawalFee": 13.0,
    "WithdrawalMinAmount": 13.0,
    "WithdrawalStatus": "OK",
    "Networks": [
      "ETH"
    ],
    "Message": ""
  },
  {
    "Symbol": "BAT",
    "Name": "Basic Attention Token",
    "Decimals": 8,
    "DepositFee": 0.0,
    "DepositConfirmations": 30,
    "DepositStatus": "OK",
    "WithdrawalFee": 13.0,
    "WithdrawalMinAmount": 13.0,
    "WithdrawalStatus": "OK",
    "Networks": [
      "ETH"
    ],
    "Message": ""
  },
  {
    "Symbol": "BCH",
    "Name": "Bitcoin Cash",
    "Decimals": 8,
    "DepositFee": 0.0,
    "DepositConfirmations": 15,
    "DepositStatus": "OK",
    "WithdrawalFee": 1.0,
    "WithdrawalMinAmount": 1.0,
    "WithdrawalStatus": "OK",
    "Networks": [
      "Mainnet"
    ],
    "Message": ""
  },
  {
    "Symbol": "BNB",
    "Name": "Binance Coin",
    "Decimals": 8,
    "DepositFee": 0.0,
    "DepositConfirmations": 0,
    "DepositStatus": "MAINTENANCE",
    "WithdrawalFee": 0.0,
    "WithdrawalMinAmount": 0.0,
    "WithdrawalStatus": "MAINTENANCE",
    "Networks": [
      "Mainnet"
    ],
    "Message": "This asset is currently in trading only mode. Asset deposits and withdrawals will be enabled at a later date."
  },
  {
    "Symbol": "BSV",
    "Name": "Bitcoin SV",
    "Decimals": 8,
    "DepositFee": 0.0,
    "DepositConfirmations": 12,
    "DepositStatus": "MAINTENANCE",
    "WithdrawalFee": 1.0,
    "WithdrawalMinAmount": 1.0,
    "WithdrawalStatus": "OK",
    "Networks": [
      "Mainnet"
    ],
    "Message": ""
  },
  {
    "Symbol": "BTC",
    "Name": "Bitcoin",
    "Decimals": 8,
    "DepositFee": 0.0,
    "DepositConfirmations": 3,
    "DepositStatus": "OK",
    "WithdrawalFee": 8.0,
    "WithdrawalMinAmount": 1.0,
    "WithdrawalStatus": "OK",
    "Networks": [
      "Mainnet"
    ],
    "Message": ""
  },
  {
    "Symbol": "CHZ",
    "Name": "Chiliz",
    "Decimals": 8,
    "DepositFee": 0.0,
    "DepositConfirmations": 30,
    "DepositStatus": "OK",
    "WithdrawalFee": 27.0,
    "WithdrawalMinAmount": 27.0,
    "WithdrawalStatus": "OK",
    "Networks": [
      "ETH"
    ],
    "Message": ""
  },
  {
    "Symbol": "CMT",
    "Name": "CyberMiles",
    "Decimals": 8,
    "DepositFee": 0.0,
    "DepositConfirmations": 10,
    "DepositStatus": "DELISTED",
    "WithdrawalFee": 1.0,
    "WithdrawalMinAmount": 1.0,
    "WithdrawalStatus": "OK",
    "Networks": [
      "Mainnet"
    ],
    "Message": ""
  },
  {
    "Symbol": "COMP",
    "Name": "Compound",
    "Decimals": 8,
    "DepositFee": 0.0,
    "DepositConfirmations": 30,
    "DepositStatus": "OK",
    "WithdrawalFee": 21.0,
    "WithdrawalMinAmount": 21.0,
    "WithdrawalStatus": "OK",
    "Networks": [
      "ETH"
    ],
    "Message": ""
  },
  {
    "Symbol": "DAI",
    "Name": "Dai",
    "Decimals": 8,
    "DepositFee": 0.0,
    "DepositConfirmations": 30,
    "DepositStatus": "OK",
    "WithdrawalFee": 95.0,
    "WithdrawalMinAmount": 95.0,
    "WithdrawalStatus": "OK",
    "Networks": [
      "ETH"
    ],
    "Message": ""
  },
  {
    "Symbol": "DASH",
    "Name": "Dash",
    "Decimals": 8,
    "DepositFee": 0.0,
    "DepositConfirmations": 0,
    "DepositStatus": "DELISTED",
    "WithdrawalFee": 2.0,
    "WithdrawalMinAmount": 2.0,
    "WithdrawalStatus": "OK",
    "Networks": [
      "Mainnet"
    ],
    "Message": ""
  },
  {
    "Symbol": "DCR",
    "Name": "Decred",
    "Decimals": 8,
    "DepositFee": 0.0,
    "DepositConfirmations": 6,
    "DepositStatus": "OK",
    "WithdrawalFee": 5.0,
    "WithdrawalMinAmount": 5.0,
    "WithdrawalStatus": "OK",
    "Networks": [
      "Mainnet"
    ],
    "Message": ""
  },
  {
    "Symbol": "DGB",
    "Name": "DigiByte",
    "Decimals": 8,
    "DepositFee": 0.0,
    "DepositConfirmations": 20,
    "DepositStatus": "OK",
    "WithdrawalFee": 1.0,
    "WithdrawalMinAmount": 1.0,
    "WithdrawalStatus": "OK",
    "Networks": [
      "Mainnet"
    ],
    "Message": ""
  },
  {
    "Symbol": "DOGE",
    "Name": "Dogecoin",
    "Decimals": 8,
    "DepositFee": 0.0,
    "DepositConfirmations": 0,
    "DepositStatus": "MAINTENANCE",
    "WithdrawalFee": 0.0,
    "WithdrawalMinAmount": 0.0,
    "WithdrawalStatus": "MAINTENANCE",
    "Networks": [
      "Mainnet"
    ],
    "Message": "This asset is currently in trading only mode. Asset deposits and withdrawals will be enabled at a later date."
  },
  {
    "Symbol": "DOT",
    "Name": "Polkadot",
    "Decimals": 8,
    "DepositFee": 0.0,
    "DepositConfirmations": 0,
    "DepositStatus": "MAINTENANCE",
    "WithdrawalFee": 0.0,
    "WithdrawalMinAmount": 0.0,
    "WithdrawalStatus": "MAINTENANCE",
    "Networks": [
      "Mainnet"
    ],
    "Message": "This asset is currently in trading only mode. Asset deposits and withdrawals will be enabled at a later date."
  },
  {
    "Symbol": "ELF",
    "Name": "Aelf",
    "Decimals": 8,
    "DepositFee": 0.0,
    "DepositConfirmations": 30,
    "DepositStatus": "OK",
    "WithdrawalFee": 35.0,
    "WithdrawalMinAmount": 35.0,
    "WithdrawalStatus": "OK",
    "Networks": [
      "ETH"
    ],
    "Message": ""
  },
  {
    "Symbol": "ENJ",
    "Name": "Enjin",
    "Decimals": 8,
    "DepositFee": 0.0,
    "DepositConfirmations": 30,
    "DepositStatus": "OK",
    "WithdrawalFee": 59.0,
    "WithdrawalMinAmount": 59.0,
    "WithdrawalStatus": "OK",
    "Networks": [
      "ETH"
    ],
    "Message": ""
  },
  {
    "Symbol": "EOS",
    "Name": "EOS",
    "Decimals": 4,
    "DepositFee": 0.0,
    "DepositConfirmations": 400,
    "DepositStatus": "OK",
    "WithdrawalFee": 1.0,
    "WithdrawalMinAmount": 1.0,
    "WithdrawalStatus": "OK",
    "Networks": [
      "Mainnet"
    ],
    "Message": ""
  },
  {
    "Symbol": "ETC",
    "Name": "Ethereum Classic",
    "Decimals": 8,
    "DepositFee": 0.0,
    "DepositConfirmations": 14400,
    "DepositStatus": "OK",
    "WithdrawalFee": 3.0,
    "WithdrawalMinAmount": 3.0,
    "WithdrawalStatus": "OK",
    "Networks": [
      "Mainnet"
    ],
    "Message": ""
  },
  {
    "Symbol": "ETH",
    "Name": "Ethereum",
    "Decimals": 8,
    "DepositFee": 0.0,
    "DepositConfirmations": 30,
    "DepositStatus": "OK",
    "WithdrawalFee": 3.0,
    "WithdrawalMinAmount": 3.0,
    "WithdrawalStatus": "OK",
    "Networks": [
      "Mainnet"
    ],
    "Message": ""
  },
  {
    "Symbol": "EUR",
    "Name": "Euro",
    "Decimals": 2,
    "DepositFee": 0.0,
    "DepositConfirmations": 0,
    "DepositStatus": "OK",
    "WithdrawalFee": 0.0,
    "WithdrawalMinAmount": 0.0,
    "WithdrawalStatus": "OK",
    "Networks": [
      "SEPA"
    ],
    "Message": ""
  },
  {
    "Symbol": "FET",
    "Name": "Fetch.ai",
    "Decimals": 8,
    "DepositFee": 0.0,
    "DepositConfirmations": 30,
    "DepositStatus": "OK",
    "WithdrawalFee": 20.0,
    "WithdrawalMinAmount": 20.0,
    "WithdrawalStatus": "OK",
    "Networks": [
      "ETH"
    ],
    "Message": ""
  },
  {
    "Symbol": "GAS",
    "Name": "Gas",
    "Decimals": 8,
    "DepositFee": 0.0,
    "DepositConfirmations": 5,
    "DepositStatus": "OK",
    "WithdrawalFee": 0.0,
    "WithdrawalMinAmount": 1.0,
    "WithdrawalStatus": "OK",
    "Networks": [
      "NEO"
    ],
    "Message": ""
  },
  {
    "Symbol": "GLM",
    "Name": "Golem",
    "Decimals": 8,
    "DepositFee": 0.0,
    "DepositConfirmations": 30,
    "DepositStatus": "OK",
    "WithdrawalFee": 23.0,
    "WithdrawalMinAmount": 23.0,
    "WithdrawalStatus": "OK",
    "Networks": [
      "ETH"
    ],
    "Message": ""
  },
  {
    "Symbol": "GNO",
    "Name": "Gnosis",
    "Decimals": 8,
    "DepositFee": 0.0,
    "DepositConfirmations": 30,
    "DepositStatus": "OK",
    "WithdrawalFee": 45.0,
    "WithdrawalMinAmount": 45.0,
    "WithdrawalStatus": "OK",
    "Networks": [
      "ETH"
    ],
    "Message": ""
  },
  {
    "Symbol": "GNT",
    "Name": "Golem",
    "Decimals": 8,
    "DepositFee": 0.0,
    "DepositConfirmations": 30,
    "DepositStatus": "DELISTED",
    "WithdrawalFee": 1.0,
    "WithdrawalMinAmount": 1.0,
    "WithdrawalStatus": "DELISTED",
    "Networks": [
      "ETH"
    ],
    "Message": ""
  },
  {
    "Symbol": "HOT",
    "Name": "Holo",
    "Decimals": 8,
    "DepositFee": 0.0,
    "DepositConfirmations": 30,
    "DepositStatus": "OK",
    "WithdrawalFee": 840.0,
    "WithdrawalMinAmount": 840.0,
    "WithdrawalStatus": "OK",
    "Networks": [
      "ETH"
    ],
    "Message": ""
  },
  {
    "Symbol": "ICX",
    "Name": "ICON",
    "Decimals": 8,
    "DepositFee": 0.0,
    "DepositConfirmations": 3,
    "DepositStatus": "OK",
    "WithdrawalFee": 2.0,
    "WithdrawalMinAmount": 2.0,
    "WithdrawalStatus": "OK",
    "Networks": [
      "Mainnet"
    ],
    "Message": ""
  },
  {
    "Symbol": "IOST",
    "Name": "IOST",
    "Decimals": 8,
    "DepositFee": 0.0,
    "DepositConfirmations": 100,
    "DepositStatus": "OK",
    "WithdrawalFee": 1.0,
    "WithdrawalMinAmount": 1.0,
    "WithdrawalStatus": "OK",
    "Networks": [
      "Mainnet"
    ],
    "Message": ""
  },
  {
    "Symbol": "KMD",
    "Name": "Komodo",
    "Decimals": 8,
    "DepositFee": 0.0,
    "DepositConfirmations": 60,
    "DepositStatus": "OK",
    "WithdrawalFee": 2.0,
    "WithdrawalMinAmount": 2.0,
    "WithdrawalStatus": "OK",
    "Networks": [
      "Mainnet"
    ],
    "Message": ""
  },
  {
    "Symbol": "KNC",
    "Name": "Kyber Network",
    "Decimals": 8,
    "DepositFee": 0.0,
    "DepositConfirmations": 30,
    "DepositStatus": "OK",
    "WithdrawalFee": 51.0,
    "WithdrawalMinAmount": 51.0,
    "WithdrawalStatus": "OK",
    "Networks": [
      "ETH"
    ],
    "Message": "Only new KNC (KNC v2) deposits and withdrawals are supported."
  },
  {
    "Symbol": "LINK",
    "Name": "Chainlink",
    "Decimals": 8,
    "DepositFee": 0.0,
    "DepositConfirmations": 30,
    "DepositStatus": "OK",
    "WithdrawalFee": 36.0,
    "WithdrawalMinAmount": 36.0,
    "WithdrawalStatus": "OK",
    "Networks": [
      "ETH"
    ],
    "Message": ""
  },
  {
    "Symbol": "LOOM",
    "Name": "Loom Network",
    "Decimals": 8,
    "DepositFee": 0.0,
    "DepositConfirmations": 30,
    "DepositStatus": "OK",
    "WithdrawalFee": 96.0,
    "WithdrawalMinAmount": 96.0,
    "WithdrawalStatus": "OK",
    "Networks": [
      "ETH"
    ],
    "Message": ""
  },
  {
    "Symbol": "LRC",
    "Name": "Loopring",
    "Decimals": 8,
    "DepositFee": 0.0,
    "DepositConfirmations": 30,
    "DepositStatus": "OK",
    "WithdrawalFee": 31.0,
    "WithdrawalMinAmount": 31.0,
    "WithdrawalStatus": "OK",
    "Networks": [
      "ETH"
    ],
    "Message": ""
  },
  {
    "Symbol": "LSK",
    "Name": "Lisk",
    "Decimals": 8,
    "DepositFee": 0.0,
    "DepositConfirmations": 300,
    "DepositStatus": "OK",
    "WithdrawalFee": 5.0,
    "WithdrawalMinAmount": 5.0,
    "WithdrawalStatus": "OK",
    "Networks": [
      "Mainnet"
    ],
    "Message": ""
  },
  {
    "Symbol": "LTC",
    "Name": "Litecoin",
    "Decimals": 8,
    "DepositFee": 0.0,
    "DepositConfirmations": 10,
    "DepositStatus": "OK",
    "WithdrawalFee": 1.0,
    "WithdrawalMinAmount": 1.0,
    "WithdrawalStatus": "OK",
    "Networks": [
      "Mainnet"
    ],
    "Message": ""
  },
  {
    "Symbol": "MANA",
    "Name": "Decentraland",
    "Decimals": 8,
    "DepositFee": 0.0,
    "DepositConfirmations": 30,
    "DepositStatus": "OK",
    "WithdrawalFee": 12.0,
    "WithdrawalMinAmount": 12.0,
    "WithdrawalStatus": "OK",
    "Networks": [
      "ETH"
    ],
    "Message": ""
  },
  {
    "Symbol": "MATIC",
    "Name": "Polygon",
    "Decimals": 8,
    "DepositFee": 0.0,
    "DepositConfirmations": 30,
    "DepositStatus": "OK",
    "WithdrawalFee": 68.0,
    "WithdrawalMinAmount": 68.0,
    "WithdrawalStatus": "OK",
    "Networks": [
      "ETH"
    ],
    "Message": ""
  },
  {
    "Symbol": "MIOTA",
    "Name": "IOTA",
    "Decimals": 6,
    "DepositFee": 0.0,
    "DepositConfirmations": 1,
    "DepositStatus": "MAINTENANCE",
    "WithdrawalFee": 0.0,
    "WithdrawalMinAmount": 0.0,
    "WithdrawalStatus": "MAINTENANCE",
    "Networks": [
      "Mainnet"
    ],
    "Message": ""
  },
  {
    "Symbol": "MKR",
    "Name": "Maker",
    "Decimals": 8,
    "DepositFee": 0.0,
    "DepositConfirmations": 30,
    "DepositStatus": "OK",
    "WithdrawalFee": 26.0,
    "WithdrawalMinAmount": 26.0,
    "WithdrawalStatus": "OK",
    "Networks": [
      "ETH"
    ],
    "Message": ""
  },
  {
    "Symbol": "NANO",
    "Name": "Nano",
    "Decimals": 6,
    "DepositFee": 0.0,
    "DepositConfirmations": 1,
    "DepositStatus": "OK",
    "WithdrawalFee": 25.0,
    "WithdrawalMinAmount": 25.0,
    "WithdrawalStatus": "OK",
    "Networks": [
      "Mainnet"
    ],
    "Message": ""
  },
  {
    "Symbol": "NAS",
    "Name": "Nebulas",
    "Decimals": 8,
    "DepositFee": 0.0,
    "DepositConfirmations": 50,
    "DepositStatus": "OK",
    "WithdrawalFee": 1.0,
    "WithdrawalMinAmount": 1.0,
    "WithdrawalStatus": "OK",
    "Networks": [
      "Mainnet"
    ],
    "Message": ""
  },
  {
    "Symbol": "NEO",
    "Name": "NEO",
    "Decimals": 8,
    "DepositFee": 0.0,
    "DepositConfirmations": 5,
    "DepositStatus": "OK",
    "WithdrawalFee": 0.0,
    "WithdrawalMinAmount": 1.0,
    "WithdrawalStatus": "OK",
    "Networks": [
      "Mainnet"
    ],
    "Message": ""
  },
  {
    "Symbol": "NMR",
    "Name": "Numeraire",
    "Decimals": 8,
    "DepositFee": 0.0,
    "DepositConfirmations": 30,
    "DepositStatus": "OK",
    "WithdrawalFee": 23.0,
    "WithdrawalMinAmount": 23.0,
    "WithdrawalStatus": "OK",
    "Networks": [
      "ETH"
    ],
    "Message": ""
  },
  {
    "Symbol": "NPXS",
    "Name": "Pundi X",
    "Decimals": 8,
    "DepositFee": 0.0,
    "DepositConfirmations": 30,
    "DepositStatus": "DELISTED",
    "WithdrawalFee": 1300.0,
    "WithdrawalMinAmount": 1300.0,
    "WithdrawalStatus": "OK",
    "Networks": [
      "ETH"
    ],
    "Message": ""
  },
  {
    "Symbol": "NULS",
    "Name": "NULS",
    "Decimals": 8,
    "DepositFee": 0.0,
    "DepositConfirmations": 40,
    "DepositStatus": "OK",
    "WithdrawalFee": 2.0,
    "WithdrawalMinAmount": 2.0,
    "WithdrawalStatus": "OK",
    "Networks": [
      "Mainnet"
    ],
    "Message": ""
  },
  {
    "Symbol": "OGN",
    "Name": "Origin Protocol",
    "Decimals": 8,
    "DepositFee": 0.0,
    "DepositConfirmations": 30,
    "DepositStatus": "OK",
    "WithdrawalFee": 91.0,
    "WithdrawalMinAmount": 91.0,
    "WithdrawalStatus": "OK",
    "Networks": [
      "ETH"
    ],
    "Message": ""
  },
  {
    "Symbol": "OMG",
    "Name": "OmiseGO",
    "Decimals": 8,
    "DepositFee": 0.0,
    "DepositConfirmations": 30,
    "DepositStatus": "OK",
    "WithdrawalFee": 18.0,
    "WithdrawalMinAmount": 18.0,
    "WithdrawalStatus": "OK",
    "Networks": [
      "ETH"
    ],
    "Message": ""
  },
  {
    "Symbol": "ONG",
    "Name": "Ontology Gas",
    "Decimals": 8,
    "DepositFee": 0.0,
    "DepositConfirmations": 10,
    "DepositStatus": "OK",
    "WithdrawalFee": 1.0,
    "WithdrawalMinAmount": 1.0,
    "WithdrawalStatus": "OK",
    "Networks": [
      "ONT"
    ],
    "Message": ""
  },
  {
    "Symbol": "ONT",
    "Name": "Ontology",
    "Decimals": 8,
    "DepositFee": 0.0,
    "DepositConfirmations": 10,
    "DepositStatus": "OK",
    "WithdrawalFee": 1.0,
    "WithdrawalMinAmount": 1.0,
    "WithdrawalStatus": "OK",
    "Networks": [
      "Mainnet"
    ],
    "Message": ""
  },
  {
    "Symbol": "OXT",
    "Name": "Orchid",
    "Decimals": 8,
    "DepositFee": 0.0,
    "DepositConfirmations": 30,
    "DepositStatus": "OK",
    "WithdrawalFee": 25.0,
    "WithdrawalMinAmount": 25.0,
    "WithdrawalStatus": "OK",
    "Networks": [
      "ETH"
    ],
    "Message": ""
  },
  {
    "Symbol": "POWR",
    "Name": "Power Ledger",
    "Decimals": 6,
    "DepositFee": 0.0,
    "DepositConfirmations": 30,
    "DepositStatus": "OK",
    "WithdrawalFee": 30.0,
    "WithdrawalMinAmount": 30.0,
    "WithdrawalStatus": "OK",
    "Networks": [
      "ETH"
    ],
    "Message": ""
  },
  {
    "Symbol": "PUNDIX",
    "Name": "Pundi X",
    "Decimals": 8,
    "DepositFee": 0.0,
    "DepositConfirmations": 30,
    "DepositStatus": "OK",
    "WithdrawalFee": 55.0,
    "WithdrawalMinAmount": 55.0,
    "WithdrawalStatus": "OK",
    "Networks": [
      "ETH"
    ],
    "Message": ""
  },
  {
    "Symbol": "QTUM",
    "Name": "Qtum",
    "Decimals": 8,
    "DepositFee": 0.0,
    "DepositConfirmations": 20,
    "DepositStatus": "OK",
    "WithdrawalFee": 2.0,
    "WithdrawalMinAmount": 2.0,
    "WithdrawalStatus": "OK",
    "Networks": [
      "Mainnet"
    ],
    "Message": ""
  },
  {
    "Symbol": "RDD",
    "Name": "ReddCoin",
    "Decimals": 8,
    "DepositFee": 0.0,
    "DepositConfirmations": 20,
    "DepositStatus": "DELISTED",
    "WithdrawalFee": 0.0,
    "WithdrawalMinAmount": 0.0,
    "WithdrawalStatus": "OK",
    "Networks": [
      "Mainnet"
    ],
    "Message": ""
  },
  {
    "Symbol": "REN",
    "Name": "Ren",
    "Decimals": 8,
    "DepositFee": 0.0,
    "DepositConfirmations": 30,
    "DepositStatus": "OK",
    "WithdrawalFee": 20.0,
    "WithdrawalMinAmount": 20.0,
    "WithdrawalStatus": "OK",
    "Networks": [
      "ETH"
    ],
    "Message": ""
  },
  {
    "Symbol": "REP",
    "Name": "Augur",
    "Decimals": 8,
    "DepositFee": 0.0,
    "DepositConfirmations": 30,
    "DepositStatus": "OK",
    "WithdrawalFee": 35.0,
    "WithdrawalMinAmount": 35.0,
    "WithdrawalStatus": "OK",
    "Networks": [
      "ETH"
    ],
    "Message": "Only REPv2 deposits and withdrawals are supported."
  },
  {
    "Symbol": "REQ",
    "Name": "Request Network",
    "Decimals": 8,
    "DepositFee": 0.0,
    "DepositConfirmations": 30,
    "DepositStatus": "OK",
    "WithdrawalFee": 40.0,
    "WithdrawalMinAmount": 40.0,
    "WithdrawalStatus": "OK",
    "Networks": [
      "ETH"
    ],
    "Message": ""
  },
  {
    "Symbol": "RLC",
    "Name": "iExec RLC",
    "Decimals": 8,
    "DepositFee": 0.0,
    "DepositConfirmations": 30,
    "DepositStatus": "OK",
    "WithdrawalFee": 24.0,
    "WithdrawalMinAmount": 24.0,
    "WithdrawalStatus": "OK",
    "Networks": [
      "ETH"
    ],
    "Message": ""
  },
  {
    "Symbol": "RSR",
    "Name": "Reserve Rights",
    "Decimals": 8,
    "DepositFee": 0.0,
    "DepositConfirmations": 30,
    "DepositStatus": "OK",
    "WithdrawalFee": 240.0,
    "WithdrawalMinAmount": 240.0,
    "WithdrawalStatus": "OK",
    "Networks": [
      "ETH"
    ],
    "Message": ""
  },
  {
    "Symbol": "RVN",
    "Name": "Ravencoin",
    "Decimals": 8,
    "DepositFee": 0.0,
    "DepositConfirmations": 60,
    "DepositStatus": "OK",
    "WithdrawalFee": 1.0,
    "WithdrawalMinAmount": 1.0,
    "WithdrawalStatus": "OK",
    "Networks": [
      "Mainnet"
    ],
    "Message": ""
  },
  {
    "Symbol": "SNT",
    "Name": "Status",
    "Decimals": 8,
    "DepositFee": 0.0,
    "DepositConfirmations": 30,
    "DepositStatus": "OK",
    "WithdrawalFee": 96.0,
    "WithdrawalMinAmount": 96.0,
    "WithdrawalStatus": "OK",
    "Networks": [
      "ETH"
    ],
    "Message": ""
  },
  {
    "Symbol": "SNX",
    "Name": "Synthetix",
    "Decimals": 8,
    "DepositFee": 0.0,
    "DepositConfirmations": 30,
    "DepositStatus": "OK",
    "WithdrawalFee": 78.0,
    "WithdrawalMinAmount": 78.0,
    "WithdrawalStatus": "OK",
    "Networks": [
      "ETH"
    ],
    "Message": ""
  },
  {
    "Symbol": "SOL",
    "Name": "Solana",
    "Decimals": 8,
    "DepositFee": 0.0,
    "DepositConfirmations": 0,
    "DepositStatus": "MAINTENANCE",
    "WithdrawalFee": 0.0,
    "WithdrawalMinAmount": 0.0,
    "WithdrawalStatus": "MAINTENANCE",
    "Networks": [
      "Mainnet"
    ],
    "Message": "This asset is currently in trading only mode. Asset deposits and withdrawals will be enabled at a later date."
  },
  {
    "Symbol": "STEEM",
    "Name": "Steem",
    "Decimals": 3,
    "DepositFee": 0.0,
    "DepositConfirmations": 20,
    "DepositStatus": "OK",
    "WithdrawalFee": 0.0,
    "WithdrawalMinAmount": 0.0,
    "WithdrawalStatus": "OK",
    "Networks": [
      "Mainnet"
    ],
    "Message": ""
  },
  {
    "Symbol": "STMX",
    "Name": "StormX",
    "Decimals": 8,
    "DepositFee": 0.0,
    "DepositConfirmations": 30,
    "DepositStatus": "OK",
    "WithdrawalFee": 340.0,
    "WithdrawalMinAmount": 340.0,
    "WithdrawalStatus": "OK",
    "Networks": [
      "ETH"
    ],
    "Message": ""
  },
  {
    "Symbol": "STORJ",
    "Name": "Storj",
    "Decimals": 8,
    "DepositFee": 0.0,
    "DepositConfirmations": 30,
    "DepositStatus": "OK",
    "WithdrawalFee": 75.0,
    "WithdrawalMinAmount": 75.0,
    "WithdrawalStatus": "OK",
    "Networks": [
      "ETH"
    ],
    "Message": ""
  },
  {
    "Symbol": "STORM",
    "Name": "Storm",
    "Decimals": 8,
    "DepositFee": 0.0,
    "DepositConfirmations": 30,
    "DepositStatus": "DELISTED",
    "WithdrawalFee": 1.0,
    "WithdrawalMinAmount": 1.0,
    "WithdrawalStatus": "DELISTED",
    "Networks": [
      "ETH"
    ],
    "Message": ""
  },
  {
    "Symbol": "STRAT",
    "Name": "Stratis",
    "Decimals": 8,
    "DepositFee": 0.0,
    "DepositConfirmations": 60,
    "DepositStatus": "DELISTED",
    "WithdrawalFee": 2.0,
    "WithdrawalMinAmount": 2.0,
    "WithdrawalStatus": "DELISTED",
    "Networks": [
      "Mainnet"
    ],
    "Message": ""
  },
  {
    "Symbol": "STRAX",
    "Name": "Stratis",
    "Decimals": 8,
    "DepositFee": 0.0,
    "DepositConfirmations": 60,
    "DepositStatus": "OK",
    "WithdrawalFee": 2.0,
    "WithdrawalMinAmount": 2.0,
    "WithdrawalStatus": "OK",
    "Networks": [
      "Mainnet"
    ],
    "Message": ""
  },
  {
    "Symbol": "SUB",
    "Name": "Substratum",
    "Decimals": 2,
    "DepositFee": 0.0,
    "DepositConfirmations": 30,
    "DepositStatus": "DELISTED",
    "WithdrawalFee": 1.0,
    "WithdrawalMinAmount": 1.0,
    "WithdrawalStatus": "OK",
    "Networks": [
      "ETH"
    ],
    "Message": ""
  },
  {
    "Symbol": "SUSHI",
    "Name": "SushiSwap",
    "Decimals": 8,
    "DepositFee": 0.0,
    "DepositConfirmations": 30,
    "DepositStatus": "OK",
    "WithdrawalFee": 82.0,
    "WithdrawalMinAmount": 82.0,
    "WithdrawalStatus": "OK",
    "Networks": [
      "ETH"
    ],
    "Message": ""
  },
  {
    "Symbol": "SXP",
    "Name": "Swipe",
    "Decimals": 8,
    "DepositFee": 0.0,
    "DepositConfirmations": 30,
    "DepositStatus": "OK",
    "WithdrawalFee": 29.0,
    "WithdrawalMinAmount": 29.0,
    "WithdrawalStatus": "OK",
    "Networks": [
      "ETH"
    ],
    "Message": ""
  },
  {
    "Symbol": "TRB",
    "Name": "Tellor",
    "Decimals": 8,
    "DepositFee": 0.0,
    "DepositConfirmations": 30,
    "DepositStatus": "OK",
    "WithdrawalFee": 19.0,
    "WithdrawalMinAmount": 19.0,
    "WithdrawalStatus": "OK",
    "Networks": [
      "ETH"
    ],
    "Message": ""
  },
  {
    "Symbol": "TRX",
    "Name": "Tron",
    "Decimals": 6,
    "DepositFee": 0.0,
    "DepositConfirmations": 20,
    "DepositStatus": "OK",
    "WithdrawalFee": 0.0,
    "WithdrawalMinAmount": 0.0,
    "WithdrawalStatus": "OK",
    "Networks": [
      "Mainnet"
    ],
    "Message": ""
  },
  {
    "Symbol": "UMA",
    "Name": "UMA",
    "Decimals": 8,
    "DepositFee": 0.0,
    "DepositConfirmations": 30,
    "DepositStatus": "OK",
    "WithdrawalFee": 79.0,
    "WithdrawalMinAmount": 79.0,
    "WithdrawalStatus": "OK",
    "Networks": [
      "ETH"
    ],
    "Message": ""
  },
  {
    "Symbol": "UNI",
    "Name": "Uniswap",
    "Decimals": 8,
    "DepositFee": 0.0,
    "DepositConfirmations": 30,
    "DepositStatus": "OK",
    "WithdrawalFee": 34.0,
    "WithdrawalMinAmount": 34.0,
    "WithdrawalStatus": "OK",
    "Networks": [
      "ETH"
    ],
    "Message": ""
  },
  {
    "Symbol": "USDC",
    "Name": "USD Coin",
    "Decimals": 6,
    "DepositFee": 0.0,
    "DepositConfirmations": 30,
    "DepositStatus": "OK",
    "WithdrawalFee": 95.0,
    "WithdrawalMinAmount": 95.0,
    "WithdrawalStatus": "OK",
    "Networks": [
      "ETH"
    ],
    "Message": ""
  },
  {
    "Symbol": "USDT",
    "Name": "Tether",
    "Decimals": 6,
    "DepositFee": 0.0,
    "DepositConfirmations": 30,
    "DepositStatus": "OK",
    "WithdrawalFee": 95.0,
    "WithdrawalMinAmount": 95.0,
    "WithdrawalStatus": "OK",
    "Networks": [
      "ETH"
    ],
    "Message": ""
  },
  {
    "Symbol": "UTK",
    "Name": "Utrust",
    "Decimals": 8,
    "DepositFee": 0.0,
    "DepositConfirmations": 30,
    "DepositStatus": "OK",
    "WithdrawalFee": 20.0,
    "WithdrawalMinAmount": 20.0,
    "WithdrawalStatus": "OK",
    "Networks": [
      "ETH"
    ],
    "Message": ""
  },
  {
    "Symbol": "VET",
    "Name": "VeChain Thor",
    "Decimals": 8,
    "DepositFee": 0.0,
    "DepositConfirmations": 20,
    "DepositStatus": "OK",
    "WithdrawalFee": 2.0,
    "WithdrawalMinAmount": 2.0,
    "WithdrawalStatus": "OK",
    "Networks": [
      "Mainnet"
    ],
    "Message": ""
  },
  {
    "Symbol": "VTC",
    "Name": "Vertcoin",
    "Decimals": 8,
    "DepositFee": 0.0,
    "DepositConfirmations": 900,
    "DepositStatus": "OK",
    "WithdrawalFee": 2.0,
    "WithdrawalMinAmount": 2.0,
    "WithdrawalStatus": "OK",
    "Networks": [
      "Mainnet"
    ],
    "Message": ""
  },
  {
    "Symbol": "VTHO",
    "Name": "VeThor Token",
    "Decimals": 8,
    "DepositFee": 0.0,
    "DepositConfirmations": 20,
    "DepositStatus": "OK",
    "WithdrawalFee": 1.0,
    "WithdrawalMinAmount": 1.0,
    "WithdrawalStatus": "OK",
    "Networks": [
      "VET"
    ],
    "Message": ""
  },
  {
    "Symbol": "WAVES",
    "Name": "Waves",
    "Decimals": 8,
    "DepositFee": 0.0,
    "DepositConfirmations": 10,
    "DepositStatus": "OK",
    "WithdrawalFee": 1.0,
    "WithdrawalMinAmount": 1.0,
    "WithdrawalStatus": "OK",
    "Networks": [
      "Mainnet"
    ],
    "Message": ""
  },
  {
    "Symbol": "WTC",
    "Name": "Waltonchain",
    "Decimals": 8,
    "DepositFee": 0.0,
    "DepositConfirmations": 30,
    "DepositStatus": "OK",
    "WithdrawalFee": 1.0,
    "WithdrawalMinAmount": 1.0,
    "WithdrawalStatus": "OK",
    "Networks": [
      "Mainnet"
    ],
    "Message": ""
  },
  {
    "Symbol": "XEM",
    "Name": "NEM",
    "Decimals": 6,
    "DepositFee": 0.0,
    "DepositConfirmations": 10,
    "DepositStatus": "OK",
    "WithdrawalFee": 2.0,
    "WithdrawalMinAmount": 2.0,
    "WithdrawalStatus": "OK",
    "Networks": [
      "Mainnet"
    ],
    "Message": ""
  },
  {
    "Symbol": "XLM",
    "Name": "Stellar",
    "Decimals": 7,
    "DepositFee": 0.0,
    "DepositConfirmations": 1,
    "DepositStatus": "OK",
    "WithdrawalFee": 0.0,
    "WithdrawalMinAmount": 1.0,
    "WithdrawalStatus": "OK",
    "Networks": [
      "Mainnet"
    ],
    "Message": ""
  },
  {
    "Symbol": "XMR",
    "Name": "Monero",
    "Decimals": 8,
    "DepositFee": 0.0,
    "DepositConfirmations": 0,
    "DepositStatus": "DELISTED",
    "WithdrawalFee": 1.0,
    "WithdrawalMinAmount": 1.0,
    "WithdrawalStatus": "OK",
    "Networks": [
      "Mainnet"
    ],
    "Message": ""
  },
  {
    "Symbol": "XRP",
    "Name": "Ripple",
    "Decimals": 6,
    "DepositFee": 0.0,
    "DepositConfirmations": 1,
    "DepositStatus": "OK",
    "WithdrawalFee": 0.0,
    "WithdrawalMinAmount": 1.0,
    "WithdrawalStatus": "OK",
    "Networks": [
      "Mainnet"
    ],
    "Message": ""
  },
  {
    "Symbol": "XTZ",
    "Name": "Tezos",
    "Decimals": 6,
    "DepositFee": 0.0,
    "DepositConfirmations": 30,
    "DepositStatus": "OK",
    "WithdrawalFee": 2.0,
    "WithdrawalMinAmount": 2.0,
    "WithdrawalStatus": "OK",
    "Networks": [
      "Mainnet"
    ],
    "Message": ""
  },
  {
    "Symbol": "XVG",
    "Name": "Verge",
    "Decimals": 6,
    "DepositFee": 0.0,
    "DepositConfirmations": 100,
    "DepositStatus": "OK",
    "WithdrawalFee": 5.0,
    "WithdrawalMinAmount": 5.0,
    "WithdrawalStatus": "OK",
    "Networks": [
      "Mainnet"
    ],
    "Message": ""
  },
  {
    "Symbol": "YFI",
    "Name": "Yearn Finance",
    "Decimals": 8,
    "DepositFee": 0.0,
    "DepositConfirmations": 30,
    "DepositStatus": "OK",
    "WithdrawalFee": 25.0,
    "WithdrawalMinAmount": 25.0,
    "WithdrawalStatus": "OK",
    "Networks": [
      "ETH"
    ],
    "Message": ""
  },
  {
    "Symbol": "YFII",
    "Name": "DFI Money",
    "Decimals": 8,
    "DepositFee": 0.0,
    "DepositConfirmations": 30,
    "DepositStatus": "OK",
    "WithdrawalFee": 23.0,
    "WithdrawalMinAmount": 23.0,
    "WithdrawalStatus": "OK",
    "Networks": [
      "ETH"
    ],
    "Message": ""
  },
  {
    "Symbol": "ZEC",
    "Name": "Zcash",
    "Decimals": 8,
    "DepositFee": 0.0,
    "DepositConfirmations": 0,
    "DepositStatus": "DELISTED",
    "WithdrawalFee": 5.0,
    "WithdrawalMinAmount": 5.0,
    "WithdrawalStatus": "OK",
    "Networks": [
      "Mainnet"
    ],
    "Message": ""
  },
  {
    "Symbol": "ZIL",
    "Name": "Zilliqa",
    "Decimals": 8,
    "DepositFee": 0.0,
    "DepositConfirmations": 5,
    "DepositStatus": "OK",
    "WithdrawalFee": 1.0,
    "WithdrawalMinAmount": 1.0,
    "WithdrawalStatus": "OK",
    "Networks": [
      "Mainnet"
    ],
    "Message": ""
  },
  {
    "Symbol": "ZRX",
    "Name": "0x",
    "Decimals": 8,
    "DepositFee": 0.0,
    "DepositConfirmations": 30,
    "DepositStatus": "OK",
    "WithdrawalFee": 93.0,
    "WithdrawalMinAmount": 93.0,
    "WithdrawalStatus": "OK",
    "Networks": [
      "ETH"
    ],
    "Message": ""
  }
]
