[
  {
    "Symbol": {
      "Value": "AAVE"
    },
    "Name": {
      "Value": "Aave"
    }
  },
  {
    "Symbol": {
      "Value": "ADA"
    },
    "Name": {
      "Value": "Cardano"
    }
  },
  {
    "Symbol": {
      "Value": "AE"
    },
    "Name": {
      "Value": "Aeternity"
    }
  },
  {
    "Symbol": {
      "Value": "AION"
    },
    "Name": {
      "Value": "Aion"
    }
  },
  {
    "Symbol": {
      "Value": "ANT"
    },
    "Name": {
      "Value": "Aragon"
    }
  },
  {
    "Symbol": {
      "Value": "ARK"
    },
    "Name": {
      "Value": "Ark"
    }
  },
  {
    "Symbol": {
      "Value": "BAL"
    },
    "Name": {
      "Value": "Balancer"
    }
  },
  {
    "Symbol": {
      "Value": "BAND"
    },
    "Name": {
      "Value": "Band Protocol"
    }
  },
  {
    "Symbol": {
      "Value": "BAT"
    },
    "Name": {
      "Value": "Basic Attention Token"
    }
  },
  {
    "Symbol": {
      "Value": "BCH"
    },
    "Name": {
      "Value": "Bitcoin Cash"
    }
  },
  {
    "Symbol": {
      "Value": "BNB"
    },
    "Name": {
      "Value": "Binance Coin"
    }
  },
  {
    "Symbol": {
      "Value": "BSV"
    },
    "Name": {
      "Value": "Bitcoin SV"
    }
  },
  {
    "Symbol": {
      "Value": "BTC"
    },
    "Name": {
      "Value": "Bitcoin"
    }
  },
  {
    "Symbol": {
      "Value": "CHZ"
    },
    "Name": {
      "Value": "Chiliz"
    }
  },
  {
    "Symbol": {
      "Value": "CMT"
    },
    "Name": {
      "Value": "CyberMiles"
    }
  },
  {
    "Symbol": {
      "Value": "COMP"
    },
    "Name": {
      "Value": "Compound"
    }
  },
  {
    "Symbol": {
      "Value": "DAI"
    },
    "Name": {
      "Value": "Dai"
    }
  },
  {
    "Symbol": {
      "Value": "DASH"
    },
    "Name": {
      "Value": "Dash"
    }
  },
  {
    "Symbol": {
      "Value": "DCR"
    },
    "Name": {
      "Value": "Decred"
    }
  },
  {
    "Symbol": {
      "Value": "DGB"
    },
    "Name": {
      "Value": "DigiByte"
    }
  },
  {
    "Symbol": {
      "Value": "DOGE"
    },
    "Name": {
      "Value": "Dogecoin"
    }
  },
  {
    "Symbol": {
      "Value": "DOT"
    },
    "Name": {
      "Value": "Polkadot"
    }
  },
  {
    "Symbol": {
      "Value": "ELF"
    },
    "Name": {
      "Value": "Aelf"
    }
  },
  {
    "Symbol": {
      "Value": "ENJ"
    },
    "Name": {
      "Value": "Enjin"
    }
  },
  {
    "Symbol": {
      "Value": "EOS"
    },
    "Name": {
      "Value": "EOS"
    }
  },
  {
    "Symbol": {
      "Value": "ETC"
    },
    "Name": {
      "Value": "Ethereum Classic"
    }
  },
  {
    "Symbol": {
      "Value": "ETH"
    },
    "Name": {
      "Value": "Ethereum"
    }
  },
  {
    "Symbol": {
      "Value": "EUR"
    },
    "Name": {
      "Value": "Euro"
    }
  },
  {
    "Symbol": {
      "Value": "FET"
    },
    "Name": {
      "Value": "Fetch.ai"
    }
  },
  {
    "Symbol": {
      "Value": "GAS"
    },
    "Name": {
      "Value": "Gas"
    }
  },
  {
    "Symbol": {
      "Value": "GLM"
    },
    "Name": {
      "Value": "Golem"
    }
  },
  {
    "Symbol": {
      "Value": "GNO"
    },
    "Name": {
      "Value": "Gnosis"
    }
  },
  {
    "Symbol": {
      "Value": "GNT"
    },
    "Name": {
      "Value": "Golem"
    }
  },
  {
    "Symbol": {
      "Value": "HOT"
    },
    "Name": {
      "Value": "Holo"
    }
  },
  {
    "Symbol": {
      "Value": "ICX"
    },
    "Name": {
      "Value": "ICON"
    }
  },
  {
    "Symbol": {
      "Value": "IOST"
    },
    "Name": {
      "Value": "IOST"
    }
  },
  {
    "Symbol": {
      "Value": "KMD"
    },
    "Name": {
      "Value": "Komodo"
    }
  },
  {
    "Symbol": {
      "Value": "KNC"
    },
    "Name": {
      "Value": "Kyber Network"
    }
  },
  {
    "Symbol": {
      "Value": "LINK"
    },
    "Name": {
      "Value": "Chainlink"
    }
  },
  {
    "Symbol": {
      "Value": "LOOM"
    },
    "Name": {
      "Value": "Loom Network"
    }
  },
  {
    "Symbol": {
      "Value": "LRC"
    },
    "Name": {
      "Value": "Loopring"
    }
  },
  {
    "Symbol": {
      "Value": "LSK"
    },
    "Name": {
      "Value": "Lisk"
    }
  },
  {
    "Symbol": {
      "Value": "LTC"
    },
    "Name": {
      "Value": "Litecoin"
    }
  },
  {
    "Symbol": {
      "Value": "MANA"
    },
    "Name": {
      "Value": "Decentraland"
    }
  },
  {
    "Symbol": {
      "Value": "MATIC"
    },
    "Name": {
      "Value": "Polygon"
    }
  },
  {
    "Symbol": {
      "Value": "MIOTA"
    },
    "Name": {
      "Value": "IOTA"
    }
  },
  {
    "Symbol": {
      "Value": "MKR"
    },
    "Name": {
      "Value": "Maker"
    }
  },
  {
    "Symbol": {
      "Value": "NANO"
    },
    "Name": {
      "Value": "Nano"
    }
  },
  {
    "Symbol": {
      "Value": "NAS"
    },
    "Name": {
      "Value": "Nebulas"
    }
  },
  {
    "Symbol": {
      "Value": "NEO"
    },
    "Name": {
      "Value": "NEO"
    }
  },
  {
    "Symbol": {
      "Value": "NMR"
    },
    "Name": {
      "Value": "Numeraire"
    }
  },
  {
    "Symbol": {
      "Value": "NPXS"
    },
    "Name": {
      "Value": "Pundi X"
    }
  },
  {
    "Symbol": {
      "Value": "NULS"
    },
    "Name": {
      "Value": "NULS"
    }
  },
  {
    "Symbol": {
      "Value": "OGN"
    },
    "Name": {
      "Value": "Origin Protocol"
    }
  },
  {
    "Symbol": {
      "Value": "OMG"
    },
    "Name": {
      "Value": "OmiseGO"
    }
  },
  {
    "Symbol": {
      "Value": "ONG"
    },
    "Name": {
      "Value": "Ontology Gas"
    }
  },
  {
    "Symbol": {
      "Value": "ONT"
    },
    "Name": {
      "Value": "Ontology"
    }
  },
  {
    "Symbol": {
      "Value": "OXT"
    },
    "Name": {
      "Value": "Orchid"
    }
  },
  {
    "Symbol": {
      "Value": "POWR"
    },
    "Name": {
      "Value": "Power Ledger"
    }
  },
  {
    "Symbol": {
      "Value": "PUNDIX"
    },
    "Name": {
      "Value": "Pundi X"
    }
  },
  {
    "Symbol": {
      "Value": "QTUM"
    },
    "Name": {
      "Value": "Qtum"
    }
  },
  {
    "Symbol": {
      "Value": "RDD"
    },
    "Name": {
      "Value": "ReddCoin"
    }
  },
  {
    "Symbol": {
      "Value": "REN"
    },
    "Name": {
      "Value": "Ren"
    }
  },
  {
    "Symbol": {
      "Value": "REP"
    },
    "Name": {
      "Value": "Augur"
    }
  },
  {
    "Symbol": {
      "Value": "REQ"
    },
    "Name": {
      "Value": "Request Network"
    }
  },
  {
    "Symbol": {
      "Value": "RLC"
    },
    "Name": {
      "Value": "iExec RLC"
    }
  },
  {
    "Symbol": {
      "Value": "RSR"
    },
    "Name": {
      "Value": "Reserve Rights"
    }
  },
  {
    "Symbol": {
      "Value": "RVN"
    },
    "Name": {
      "Value": "Ravencoin"
    }
  },
  {
    "Symbol": {
      "Value": "SNT"
    },
    "Name": {
      "Value": "Status"
    }
  },
  {
    "Symbol": {
      "Value": "SNX"
    },
    "Name": {
      "Value": "Synthetix"
    }
  },
  {
    "Symbol": {
      "Value": "SOL"
    },
    "Name": {
      "Value": "Solana"
    }
  },
  {
    "Symbol": {
      "Value": "STEEM"
    },
    "Name": {
      "Value": "Steem"
    }
  },
  {
    "Symbol": {
      "Value": "STMX"
    },
    "Name": {
      "Value": "StormX"
    }
  },
  {
    "Symbol": {
      "Value": "STORJ"
    },
    "Name": {
      "Value": "Storj"
    }
  },
  {
    "Symbol": {
      "Value": "STORM"
    },
    "Name": {
      "Value": "Storm"
    }
  },
  {
    "Symbol": {
      "Value": "STRAT"
    },
    "Name": {
      "Value": "Stratis"
    }
  },
  {
    "Symbol": {
      "Value": "STRAX"
    },
    "Name": {
      "Value": "Stratis"
    }
  },
  {
    "Symbol": {
      "Value": "SUB"
    },
    "Name": {
      "Value": "Substratum"
    }
  },
  {
    "Symbol": {
      "Value": "SUSHI"
    },
    "Name": {
      "Value": "SushiSwap"
    }
  },
  {
    "Symbol": {
      "Value": "SXP"
    },
    "Name": {
      "Value": "Swipe"
    }
  },
  {
    "Symbol": {
      "Value": "TRB"
    },
    "Name": {
      "Value": "Tellor"
    }
  },
  {
    "Symbol": {
      "Value": "TRX"
    },
    "Name": {
      "Value": "Tron"
    }
  },
  {
    "Symbol": {
      "Value": "UMA"
    },
    "Name": {
      "Value": "UMA"
    }
  },
  {
    "Symbol": {
      "Value": "UNI"
    },
    "Name": {
      "Value": "Uniswap"
    }
  },
  {
    "Symbol": {
      "Value": "USDC"
    },
    "Name": {
      "Value": "USD Coin"
    }
  },
  {
    "Symbol": {
      "Value": "USDT"
    },
    "Name": {
      "Value": "Tether"
    }
  },
  {
    "Symbol": {
      "Value": "UTK"
    },
    "Name": {
      "Value": "Utrust"
    }
  },
  {
    "Symbol": {
      "Value": "VET"
    },
    "Name": {
      "Value": "VeChain Thor"
    }
  },
  {
    "Symbol": {
      "Value": "VTC"
    },
    "Name": {
      "Value": "Vertcoin"
    }
  },
  {
    "Symbol": {
      "Value": "VTHO"
    },
    "Name": {
      "Value": "VeThor Token"
    }
  },
  {
    "Symbol": {
      "Value": "WAVES"
    },
    "Name": {
      "Value": "Waves"
    }
  },
  {
    "Symbol": {
      "Value": "WTC"
    },
    "Name": {
      "Value": "Waltonchain"
    }
  },
  {
    "Symbol": {
      "Value": "XEM"
    },
    "Name": {
      "Value": "NEM"
    }
  },
  {
    "Symbol": {
      "Value": "XLM"
    },
    "Name": {
      "Value": "Stellar"
    }
  },
  {
    "Symbol": {
      "Value": "XMR"
    },
    "Name": {
      "Value": "Monero"
    }
  },
  {
    "Symbol": {
      "Value": "XRP"
    },
    "Name": {
      "Value": "Ripple"
    }
  },
  {
    "Symbol": {
      "Value": "XTZ"
    },
    "Name": {
      "Value": "Tezos"
    }
  },
  {
    "Symbol": {
      "Value": "XVG"
    },
    "Name": {
      "Value": "Verge"
    }
  },
  {
    "Symbol": {
      "Value": "YFI"
    },
    "Name": {
      "Value": "Yearn Finance"
    }
  },
  {
    "Symbol": {
      "Value": "YFII"
    },
    "Name": {
      "Value": "DFI Money"
    }
  },
  {
    "Symbol": {
      "Value": "ZEC"
    },
    "Name": {
      "Value": "Zcash"
    }
  },
  {
    "Symbol": {
      "Value": "ZIL"
    },
    "Name": {
      "Value": "Zilliqa"
    }
  },
  {
    "Symbol": {
      "Value": "ZRX"
    },
    "Name": {
      "Value": "0x"
    }
  }
]
