[
  {
    "Name": {
      "Value": "AAVE-EUR",
      "BaseSymbol": {
        "Value": "AAVE"
      },
      "QuoteSymbol": {
        "Value": "EUR"
      }
    },
    "MinimumBaseAmount": {
      "Value": 0.008
    },
    "MinimumQuoteAmount": {
      "Value": 5.0
    }
  },
  {
    "Name": {
      "Value": "ADA-BTC",
      "BaseSymbol": {
        "Value": "ADA"
      },
      "QuoteSymbol": {
        "Value": "BTC"
      }
    },
    "MinimumBaseAmount": {
      "Value": 10.0
    },
    "MinimumQuoteAmount": {
      "Value": 0.001
    }
  },
  {
    "Name": {
      "Value": "ADA-EUR",
      "BaseSymbol": {
        "Value": "ADA"
      },
      "QuoteSymbol": {
        "Value": "EUR"
      }
    },
    "MinimumBaseAmount": {
      "Value": 3.0
    },
    "MinimumQuoteAmount": {
      "Value": 5.0
    }
  },
  {
    "Name": {
      "Value": "AE-BTC",
      "BaseSymbol": {
        "Value": "AE"
      },
      "QuoteSymbol": {
        "Value": "BTC"
      }
    },
    "MinimumBaseAmount": {
      "Value": 10.0
    },
    "MinimumQuoteAmount": {
      "Value": 0.001
    }
  },
  {
    "Name": {
      "Value": "AE-EUR",
      "BaseSymbol": {
        "Value": "AE"
      },
      "QuoteSymbol": {
        "Value": "EUR"
      }
    },
    "MinimumBaseAmount": {
      "Value": 10.0
    },
    "MinimumQuoteAmount": {
      "Value": 5.0
    }
  },
  {
    "Name": {
      "Value": "AION-BTC",
      "BaseSymbol": {
        "Value": "AION"
      },
      "QuoteSymbol": {
        "Value": "BTC"
      }
    },
    "MinimumBaseAmount": {
      "Value": 50.0
    },
    "MinimumQuoteAmount": {
      "Value": 0.001
    }
  },
  {
    "Name": {
      "Value": "AION-EUR",
      "BaseSymbol": {
        "Value": "AION"
      },
      "QuoteSymbol": {
        "Value": "EUR"
      }
    },
    "MinimumBaseAmount": {
      "Value": 10.0
    },
    "MinimumQuoteAmount": {
      "Value": 5.0
    }
  },
  {
    "Name": {
      "Value": "ANT-BTC",
      "BaseSymbol": {
        "Value": "ANT"
      },
      "QuoteSymbol": {
        "Value": "BTC"
      }
    },
    "MinimumBaseAmount": {
      "Value": 1.0
    },
    "MinimumQuoteAmount": {
      "Value": 0.001
    }
  },
  {
    "Name": {
      "Value": "ANT-EUR",
      "BaseSymbol": {
        "Value": "ANT"
      },
      "QuoteSymbol": {
        "Value": "EUR"
      }
    },
    "MinimumBaseAmount": {
      "Value": 0.5
    },
    "MinimumQuoteAmount": {
      "Value": 5.0
    }
  },
  {
    "Name": {
      "Value": "ARK-BTC",
      "BaseSymbol": {
        "Value": "ARK"
      },
      "QuoteSymbol": {
        "Value": "BTC"
      }
    },
    "MinimumBaseAmount": {
      "Value": 9.0
    },
    "MinimumQuoteAmount": {
      "Value": 0.001
    }
  },
  {
    "Name": {
      "Value": "ARK-EUR",
      "BaseSymbol": {
        "Value": "ARK"
      },
      "QuoteSymbol": {
        "Value": "EUR"
      }
    },
    "MinimumBaseAmount": {
      "Value": 2.0
    },
    "MinimumQuoteAmount": {
      "Value": 5.0
    }
  },
  {
    "Name": {
      "Value": "BAL-EUR",
      "BaseSymbol": {
        "Value": "BAL"
      },
      "QuoteSymbol": {
        "Value": "EUR"
      }
    },
    "MinimumBaseAmount": {
      "Value": 0.08
    },
    "MinimumQuoteAmount": {
      "Value": 5.0
    }
  },
  {
    "Name": {
      "Value": "BAND-EUR",
      "BaseSymbol": {
        "Value": "BAND"
      },
      "QuoteSymbol": {
        "Value": "EUR"
      }
    },
    "MinimumBaseAmount": {
      "Value": 0.2
    },
    "MinimumQuoteAmount": {
      "Value": 5.0
    }
  },
  {
    "Name": {
      "Value": "BAT-BTC",
      "BaseSymbol": {
        "Value": "BAT"
      },
      "QuoteSymbol": {
        "Value": "BTC"
      }
    },
    "MinimumBaseAmount": {
      "Value": 10.0
    },
    "MinimumQuoteAmount": {
      "Value": 0.001
    }
  },
  {
    "Name": {
      "Value": "BAT-EUR",
      "BaseSymbol": {
        "Value": "BAT"
      },
      "QuoteSymbol": {
        "Value": "EUR"
      }
    },
    "MinimumBaseAmount": {
      "Value": 3.0
    },
    "MinimumQuoteAmount": {
      "Value": 5.0
    }
  },
  {
    "Name": {
      "Value": "BCH-BTC",
      "BaseSymbol": {
        "Value": "BCH"
      },
      "QuoteSymbol": {
        "Value": "BTC"
      }
    },
    "MinimumBaseAmount": {
      "Value": 0.007
    },
    "MinimumQuoteAmount": {
      "Value": 0.001
    }
  },
  {
    "Name": {
      "Value": "BCH-EUR",
      "BaseSymbol": {
        "Value": "BCH"
      },
      "QuoteSymbol": {
        "Value": "EUR"
      }
    },
    "MinimumBaseAmount": {
      "Value": 0.004
    },
    "MinimumQuoteAmount": {
      "Value": 5.0
    }
  },
  {
    "Name": {
      "Value": "BNB-EUR",
      "BaseSymbol": {
        "Value": "BNB"
      },
      "QuoteSymbol": {
        "Value": "EUR"
      }
    },
    "MinimumBaseAmount": {
      "Value": 0.01
    },
    "MinimumQuoteAmount": {
      "Value": 5.0
    }
  },
  {
    "Name": {
      "Value": "BSV-BTC",
      "BaseSymbol": {
        "Value": "BSV"
      },
      "QuoteSymbol": {
        "Value": "BTC"
      }
    },
    "MinimumBaseAmount": {
      "Value": 0.02
    },
    "MinimumQuoteAmount": {
      "Value": 0.001
    }
  },
  {
    "Name": {
      "Value": "BSV-EUR",
      "BaseSymbol": {
        "Value": "BSV"
      },
      "QuoteSymbol": {
        "Value": "EUR"
      }
    },
    "MinimumBaseAmount": {
      "Value": 0.01
    },
    "MinimumQuoteAmount": {
      "Value": 5.0
    }
  },
  {
    "Name": {
      "Value": "BTC-EUR",
      "BaseSymbol": {
        "Value": "BTC"
      },
      "QuoteSymbol": {
        "Value": "EUR"
      }
    },
    "MinimumBaseAmount": {
      "Value": 0.0001
    },
    "MinimumQuoteAmount": {
      "Value": 5.0
    }
  },
  {
    "Name": {
      "Value": "CHZ-EUR",
      "BaseSymbol": {
        "Value": "CHZ"
      },
      "QuoteSymbol": {
        "Value": "EUR"
      }
    },
    "MinimumBaseAmount": {
      "Value": 7.0
    },
    "MinimumQuoteAmount": {
      "Value": 5.0
    }
  },
  {
    "Name": {
      "Value": "CMT-BTC",
      "BaseSymbol": {
        "Value": "CMT"
      },
      "QuoteSymbol": {
        "Value": "BTC"
      }
    },
    "MinimumBaseAmount": {
      "Value": 400.0
    },
    "MinimumQuoteAmount": {
      "Value": 0.001
    }
  },
  {
    "Name": {
      "Value": "CMT-EUR",
      "BaseSymbol": {
        "Value": "CMT"
      },
      "QuoteSymbol": {
        "Value": "EUR"
      }
    },
    "MinimumBaseAmount": {
      "Value": 400.0
    },
    "MinimumQuoteAmount": {
      "Value": 5.0
    }
  },
  {
    "Name": {
      "Value": "COMP-EUR",
      "BaseSymbol": {
        "Value": "COMP"
      },
      "QuoteSymbol": {
        "Value": "EUR"
      }
    },
    "MinimumBaseAmount": {
      "Value": 0.009
    },
    "MinimumQuoteAmount": {
      "Value": 5.0
    }
  },
  {
    "Name": {
      "Value": "DAI-EUR",
      "BaseSymbol": {
        "Value": "DAI"
      },
      "QuoteSymbol": {
        "Value": "EUR"
      }
    },
    "MinimumBaseAmount": {
      "Value": 5.0
    },
    "MinimumQuoteAmount": {
      "Value": 5.0
    }
  },
  {
    "Name": {
      "Value": "DCR-BTC",
      "BaseSymbol": {
        "Value": "DCR"
      },
      "QuoteSymbol": {
        "Value": "BTC"
      }
    },
    "MinimumBaseAmount": {
      "Value": 0.06
    },
    "MinimumQuoteAmount": {
      "Value": 0.001
    }
  },
  {
    "Name": {
      "Value": "DCR-EUR",
      "BaseSymbol": {
        "Value": "DCR"
      },
      "QuoteSymbol": {
        "Value": "EUR"
      }
    },
    "MinimumBaseAmount": {
      "Value": 0.02
    },
    "MinimumQuoteAmount": {
      "Value": 5.0
    }
  },
  {
    "Name": {
      "Value": "DGB-BTC",
      "BaseSymbol": {
        "Value": "DGB"
      },
      "QuoteSymbol": {
        "Value": "BTC"
      }
    },
    "MinimumBaseAmount": {
      "Value": 100.0
    },
    "MinimumQuoteAmount": {
      "Value": 0.001
    }
  },
  {
    "Name": {
      "Value": "DGB-EUR",
      "BaseSymbol": {
        "Value": "DGB"
      },
      "QuoteSymbol": {
        "Value": "EUR"
      }
    },
    "MinimumBaseAmount": {
      "Value": 30.0
    },
    "MinimumQuoteAmount": {
      "Value": 5.0
    }
  },
  {
    "Name": {
      "Value": "DOGE-EUR",
      "BaseSymbol": {
        "Value": "DOGE"
      },
      "QuoteSymbol": {
        "Value": "EUR"
      }
    },
    "MinimumBaseAmount": {
      "Value": 20.0
    },
    "MinimumQuoteAmount": {
      "Value": 5.0
    }
  },
  {
    "Name": {
      "Value": "DOT-EUR",
      "BaseSymbol": {
        "Value": "DOT"
      },
      "QuoteSymbol": {
        "Value": "EUR"
      }
    },
    "MinimumBaseAmount": {
      "Value": 0.3
    },
    "MinimumQuoteAmount": {
      "Value": 5.0
    }
  },
  {
    "Name": {
      "Value": "ELF-BTC",
      "BaseSymbol": {
        "Value": "ELF"
      },
      "QuoteSymbol": {
        "Value": "BTC"
      }
    },
    "MinimumBaseAmount": {
      "Value": 30.0
    },
    "MinimumQuoteAmount": {
      "Value": 0.001
    }
  },
  {
    "Name": {
      "Value": "ELF-EUR",
      "BaseSymbol": {
        "Value": "ELF"
      },
      "QuoteSymbol": {
        "Value": "EUR"
      }
    },
    "MinimumBaseAmount": {
      "Value": 10.0
    },
    "MinimumQuoteAmount": {
      "Value": 5.0
    }
  },
  {
    "Name": {
      "Value": "ENJ-BTC",
      "BaseSymbol": {
        "Value": "ENJ"
      },
      "QuoteSymbol": {
        "Value": "BTC"
      }
    },
    "MinimumBaseAmount": {
      "Value": 20.0
    },
    "MinimumQuoteAmount": {
      "Value": 0.001
    }
  },
  {
    "Name": {
      "Value": "ENJ-EUR",
      "BaseSymbol": {
        "Value": "ENJ"
      },
      "QuoteSymbol": {
        "Value": "EUR"
      }
    },
    "MinimumBaseAmount": {
      "Value": 1.0
    },
    "MinimumQuoteAmount": {
      "Value": 5.0
    }
  },
  {
    "Name": {
      "Value": "EOS-BTC",
      "BaseSymbol": {
        "Value": "EOS"
      },
      "QuoteSymbol": {
        "Value": "BTC"
      }
    },
    "MinimumBaseAmount": {
      "Value": 1.0
    },
    "MinimumQuoteAmount": {
      "Value": 0.001
    }
  },
  {
    "Name": {
      "Value": "EOS-EUR",
      "BaseSymbol": {
        "Value": "EOS"
      },
      "QuoteSymbol": {
        "Value": "EUR"
      }
    },
    "MinimumBaseAmount": {
      "Value": 0.6
    },
    "MinimumQuoteAmount": {
      "Value": 5.0
    }
  },
  {
    "Name": {
      "Value": "ETC-BTC",
      "BaseSymbol": {
        "Value": "ETC"
      },
      "QuoteSymbol": {
        "Value": "BTC"
      }
    },
    "MinimumBaseAmount": {
      "Value": 0.5
    },
    "MinimumQuoteAmount": {
      "Value": 0.001
    }
  },
  {
    "Name": {
      "Value": "ETC-EUR",
      "BaseSymbol": {
        "Value": "ETC"
      },
      "QuoteSymbol": {
        "Value": "EUR"
      }
    },
    "MinimumBaseAmount": {
      "Value": 0.1
    },
    "MinimumQuoteAmount": {
      "Value": 5.0
    }
  },
  {
    "Name": {
      "Value": "ETH-BTC",
      "BaseSymbol": {
        "Value": "ETH"
      },
      "QuoteSymbol": {
        "Value": "BTC"
      }
    },
    "MinimumBaseAmount": {
      "Value": 0.003
    },
    "MinimumQuoteAmount": {
      "Value": 0.001
    }
  },
  {
    "Name": {
      "Value": "ETH-EUR",
      "BaseSymbol": {
        "Value": "ETH"
      },
      "QuoteSymbol": {
        "Value": "EUR"
      }
    },
    "MinimumBaseAmount": {
      "Value": 0.001
    },
    "MinimumQuoteAmount": {
      "Value": 5.0
    }
  },
  {
    "Name": {
      "Value": "FET-EUR",
      "BaseSymbol": {
        "Value": "FET"
      },
      "QuoteSymbol": {
        "Value": "EUR"
      }
    },
    "MinimumBaseAmount": {
      "Value": 5.0
    },
    "MinimumQuoteAmount": {
      "Value": 5.0
    }
  },
  {
    "Name": {
      "Value": "GAS-BTC",
      "BaseSymbol": {
        "Value": "GAS"
      },
      "QuoteSymbol": {
        "Value": "BTC"
      }
    },
    "MinimumBaseAmount": {
      "Value": 2.0
    },
    "MinimumQuoteAmount": {
      "Value": 0.001
    }
  },
  {
    "Name": {
      "Value": "GAS-EUR",
      "BaseSymbol": {
        "Value": "GAS"
      },
      "QuoteSymbol": {
        "Value": "EUR"
      }
    },
    "MinimumBaseAmount": {
      "Value": 0.3
    },
    "MinimumQuoteAmount": {
      "Value": 5.0
    }
  },
  {
    "Name": {
      "Value": "GLM-EUR",
      "BaseSymbol": {
        "Value": "GLM"
      },
      "QuoteSymbol": {
        "Value": "EUR"
      }
    },
    "MinimumBaseAmount": {
      "Value": 8.0
    },
    "MinimumQuoteAmount": {
      "Value": 5.0
    }
  },
  {
    "Name": {
      "Value": "GNO-EUR",
      "BaseSymbol": {
        "Value": "GNO"
      },
      "QuoteSymbol": {
        "Value": "EUR"
      }
    },
    "MinimumBaseAmount": {
      "Value": 0.02
    },
    "MinimumQuoteAmount": {
      "Value": 5.0
    }
  },
  {
    "Name": {
      "Value": "GNT-BTC",
      "BaseSymbol": {
        "Value": "GNT"
      },
      "QuoteSymbol": {
        "Value": "BTC"
      }
    },
    "MinimumBaseAmount": {
      "Value": 70.0
    },
    "MinimumQuoteAmount": {
      "Value": 0.001
    }
  },
  {
    "Name": {
      "Value": "GNT-EUR",
      "BaseSymbol": {
        "Value": "GNT"
      },
      "QuoteSymbol": {
        "Value": "EUR"
      }
    },
    "MinimumBaseAmount": {
      "Value": 70.0
    },
    "MinimumQuoteAmount": {
      "Value": 5.0
    }
  },
  {
    "Name": {
      "Value": "HOT-BTC",
      "BaseSymbol": {
        "Value": "HOT"
      },
      "QuoteSymbol": {
        "Value": "BTC"
      }
    },
    "MinimumBaseAmount": {
      "Value": 5000.0
    },
    "MinimumQuoteAmount": {
      "Value": 0.001
    }
  },
  {
    "Name": {
      "Value": "HOT-EUR",
      "BaseSymbol": {
        "Value": "HOT"
      },
      "QuoteSymbol": {
        "Value": "EUR"
      }
    },
    "MinimumBaseAmount": {
      "Value": 200.0
    },
    "MinimumQuoteAmount": {
      "Value": 5.0
    }
  },
  {
    "Name": {
      "Value": "ICX-BTC",
      "BaseSymbol": {
        "Value": "ICX"
      },
      "QuoteSymbol": {
        "Value": "BTC"
      }
    },
    "MinimumBaseAmount": {
      "Value": 6.0
    },
    "MinimumQuoteAmount": {
      "Value": 0.001
    }
  },
  {
    "Name": {
      "Value": "ICX-EUR",
      "BaseSymbol": {
        "Value": "ICX"
      },
      "QuoteSymbol": {
        "Value": "EUR"
      }
    },
    "MinimumBaseAmount": {
      "Value": 2.0
    },
    "MinimumQuoteAmount": {
      "Value": 5.0
    }
  },
  {
    "Name": {
      "Value": "IOST-BTC",
      "BaseSymbol": {
        "Value": "IOST"
      },
      "QuoteSymbol": {
        "Value": "BTC"
      }
    },
    "MinimumBaseAmount": {
      "Value": 200.0
    },
    "MinimumQuoteAmount": {
      "Value": 0.001
    }
  },
  {
    "Name": {
      "Value": "IOST-EUR",
      "BaseSymbol": {
        "Value": "IOST"
      },
      "QuoteSymbol": {
        "Value": "EUR"
      }
    },
    "MinimumBaseAmount": {
      "Value": 80.0
    },
    "MinimumQuoteAmount": {
      "Value": 5.0
    }
  },
  {
    "Name": {
      "Value": "KMD-BTC",
      "BaseSymbol": {
        "Value": "KMD"
      },
      "QuoteSymbol": {
        "Value": "BTC"
      }
    },
    "MinimumBaseAmount": {
      "Value": 6.0
    },
    "MinimumQuoteAmount": {
      "Value": 0.001
    }
  },
  {
    "Name": {
      "Value": "KMD-EUR",
      "BaseSymbol": {
        "Value": "KMD"
      },
      "QuoteSymbol": {
        "Value": "EUR"
      }
    },
    "MinimumBaseAmount": {
      "Value": 1.0
    },
    "MinimumQuoteAmount": {
      "Value": 5.0
    }
  },
  {
    "Name": {
      "Value": "KNC-EUR",
      "BaseSymbol": {
        "Value": "KNC"
      },
      "QuoteSymbol": {
        "Value": "EUR"
      }
    },
    "MinimumBaseAmount": {
      "Value": 1.0
    },
    "MinimumQuoteAmount": {
      "Value": 5.0
    }
  },
  {
    "Name": {
      "Value": "LINK-BTC",
      "BaseSymbol": {
        "Value": "LINK"
      },
      "QuoteSymbol": {
        "Value": "BTC"
      }
    },
    "MinimumBaseAmount": {
      "Value": 0.2
    },
    "MinimumQuoteAmount": {
      "Value": 0.001
    }
  },
  {
    "Name": {
      "Value": "LINK-EUR",
      "BaseSymbol": {
        "Value": "LINK"
      },
      "QuoteSymbol": {
        "Value": "EUR"
      }
    },
    "MinimumBaseAmount": {
      "Value": 0.1
    },
    "MinimumQuoteAmount": {
      "Value": 5.0
    }
  },
  {
    "Name": {
      "Value": "LOOM-EUR",
      "BaseSymbol": {
        "Value": "LOOM"
      },
      "QuoteSymbol": {
        "Value": "EUR"
      }
    },
    "MinimumBaseAmount": {
      "Value": 20.0
    },
    "MinimumQuoteAmount": {
      "Value": 5.0
    }
  },
  {
    "Name": {
      "Value": "LRC-BTC",
      "BaseSymbol": {
        "Value": "LRC"
      },
      "QuoteSymbol": {
        "Value": "BTC"
      }
    },
    "MinimumBaseAmount": {
      "Value": 9.0
    },
    "MinimumQuoteAmount": {
      "Value": 0.001
    }
  },
  {
    "Name": {
      "Value": "LRC-EUR",
      "BaseSymbol": {
        "Value": "LRC"
      },
      "QuoteSymbol": {
        "Value": "EUR"
      }
    },
    "MinimumBaseAmount": {
      "Value": 9.0
    },
    "MinimumQuoteAmount": {
      "Value": 5.0
    }
  },
  {
    "Name": {
      "Value": "LSK-BTC",
      "BaseSymbol": {
        "Value": "LSK"
      },
      "QuoteSymbol": {
        "Value": "BTC"
      }
    },
    "MinimumBaseAmount": {
      "Value": 3.0
    },
    "MinimumQuoteAmount": {
      "Value": 0.001
    }
  },
  {
    "Name": {
      "Value": "LSK-EUR",
      "BaseSymbol": {
        "Value": "LSK"
      },
      "QuoteSymbol": {
        "Value": "EUR"
      }
    },
    "MinimumBaseAmount": {
      "Value": 0.8
    },
    "MinimumQuoteAmount": {
      "Value": 5.0
    }
  },
  {
    "Name": {
      "Value": "LTC-BTC",
      "BaseSymbol": {
        "Value": "LTC"
      },
      "QuoteSymbol": {
        "Value": "BTC"
      }
    },
    "MinimumBaseAmount": {
      "Value": 0.02
    },
    "MinimumQuoteAmount": {
      "Value": 0.001
    }
  },
  {
    "Name": {
      "Value": "LTC-EUR",
      "BaseSymbol": {
        "Value": "LTC"
      },
      "QuoteSymbol": {
        "Value": "EUR"
      }
    },
    "MinimumBaseAmount": {
      "Value": 0.01
    },
    "MinimumQuoteAmount": {
      "Value": 5.0
    }
  },
  {
    "Name": {
      "Value": "MANA-EUR",
      "BaseSymbol": {
        "Value": "MANA"
      },
      "QuoteSymbol": {
        "Value": "EUR"
      }
    },
    "MinimumBaseAmount": {
      "Value": 4.0
    },
    "MinimumQuoteAmount": {
      "Value": 5.0
    }
  },
  {
    "Name": {
      "Value": "MATIC-EUR",
      "BaseSymbol": {
        "Value": "MATIC"
      },
      "QuoteSymbol": {
        "Value": "EUR"
      }
    },
    "MinimumBaseAmount": {
      "Value": 3.0
    },
    "MinimumQuoteAmount": {
      "Value": 5.0
    }
  },
  {
    "Name": {
      "Value": "MIOTA-BTC",
      "BaseSymbol": {
        "Value": "MIOTA"
      },
      "QuoteSymbol": {
        "Value": "BTC"
      }
    },
    "MinimumBaseAmount": {
      "Value": 9.0
    },
    "MinimumQuoteAmount": {
      "Value": 0.001
    }
  },
  {
    "Name": {
      "Value": "MIOTA-EUR",
      "BaseSymbol": {
        "Value": "MIOTA"
      },
      "QuoteSymbol": {
        "Value": "EUR"
      }
    },
    "MinimumBaseAmount": {
      "Value": 2.0
    },
    "MinimumQuoteAmount": {
      "Value": 5.0
    }
  },
  {
    "Name": {
      "Value": "MKR-EUR",
      "BaseSymbol": {
        "Value": "MKR"
      },
      "QuoteSymbol": {
        "Value": "EUR"
      }
    },
    "MinimumBaseAmount": {
      "Value": 0.001
    },
    "MinimumQuoteAmount": {
      "Value": 5.0
    }
  },
  {
    "Name": {
      "Value": "NANO-BTC",
      "BaseSymbol": {
        "Value": "NANO"
      },
      "QuoteSymbol": {
        "Value": "BTC"
      }
    },
    "MinimumBaseAmount": {
      "Value": 1.0
    },
    "MinimumQuoteAmount": {
      "Value": 0.001
    }
  },
  {
    "Name": {
      "Value": "NANO-EUR",
      "BaseSymbol": {
        "Value": "NANO"
      },
      "QuoteSymbol": {
        "Value": "EUR"
      }
    },
    "MinimumBaseAmount": {
      "Value": 0.4
    },
    "MinimumQuoteAmount": {
      "Value": 5.0
    }
  },
  {
    "Name": {
      "Value": "NAS-BTC",
      "BaseSymbol": {
        "Value": "NAS"
      },
      "QuoteSymbol": {
        "Value": "BTC"
      }
    },
    "MinimumBaseAmount": {
      "Value": 10.0
    },
    "MinimumQuoteAmount": {
      "Value": 0.001
    }
  },
  {
    "Name": {
      "Value": "NAS-EUR",
      "BaseSymbol": {
        "Value": "NAS"
      },
      "QuoteSymbol": {
        "Value": "EUR"
      }
    },
    "MinimumBaseAmount": {
      "Value": 4.0
    },
    "MinimumQuoteAmount": {
      "Value": 5.0
    }
  },
  {
    "Name": {
      "Value": "NEO-BTC",
      "BaseSymbol": {
        "Value": "NEO"
      },
      "QuoteSymbol": {
        "Value": "BTC"
      }
    },
    "MinimumBaseAmount": {
      "Value": 0.2
    },
    "MinimumQuoteAmount": {
      "Value": 0.001
    }
  },
  {
    "Name": {
      "Value": "NEO-EUR",
      "BaseSymbol": {
        "Value": "NEO"
      },
      "QuoteSymbol": {
        "Value": "EUR"
      }
    },
    "MinimumBaseAmount": {
      "Value": 0.04
    },
    "MinimumQuoteAmount": {
      "Value": 5.0
    }
  },
  {
    "Name": {
      "Value": "NMR-EUR",
      "BaseSymbol": {
        "Value": "NMR"
      },
      "QuoteSymbol": {
        "Value": "EUR"
      }
    },
    "MinimumBaseAmount": {
      "Value": 0.09
    },
    "MinimumQuoteAmount": {
      "Value": 5.0
    }
  },
  {
    "Name": {
      "Value": "NPXS-BTC",
      "BaseSymbol": {
        "Value": "NPXS"
      },
      "QuoteSymbol": {
        "Value": "BTC"
      }
    },
    "MinimumBaseAmount": {
      "Value": 10000.0
    },
    "MinimumQuoteAmount": {
      "Value": 0.001
    }
  },
  {
    "Name": {
      "Value": "NPXS-EUR",
      "BaseSymbol": {
        "Value": "NPXS"
      },
      "QuoteSymbol": {
        "Value": "EUR"
      }
    },
    "MinimumBaseAmount": {
      "Value": 600.0
    },
    "MinimumQuoteAmount": {
      "Value": 5.0
    }
  },
  {
    "Name": {
      "Value": "NULS-BTC",
      "BaseSymbol": {
        "Value": "NULS"
      },
      "QuoteSymbol": {
        "Value": "BTC"
      }
    },
    "MinimumBaseAmount": {
      "Value": 10.0
    },
    "MinimumQuoteAmount": {
      "Value": 0.001
    }
  },
  {
    "Name": {
      "Value": "NULS-EUR",
      "BaseSymbol": {
        "Value": "NULS"
      },
      "QuoteSymbol": {
        "Value": "EUR"
      }
    },
    "MinimumBaseAmount": {
      "Value": 4.0
    },
    "MinimumQuoteAmount": {
      "Value": 5.0
    }
  },
  {
    "Name": {
      "Value": "OGN-EUR",
      "BaseSymbol": {
        "Value": "OGN"
      },
      "QuoteSymbol": {
        "Value": "EUR"
      }
    },
    "MinimumBaseAmount": {
      "Value": 2.0
    },
    "MinimumQuoteAmount": {
      "Value": 5.0
    }
  },
  {
    "Name": {
      "Value": "OMG-BTC",
      "BaseSymbol": {
        "Value": "OMG"
      },
      "QuoteSymbol": {
        "Value": "BTC"
      }
    },
    "MinimumBaseAmount": {
      "Value": 1.0
    },
    "MinimumQuoteAmount": {
      "Value": 0.001
    }
  },
  {
    "Name": {
      "Value": "OMG-EUR",
      "BaseSymbol": {
        "Value": "OMG"
      },
      "QuoteSymbol": {
        "Value": "EUR"
      }
    },
    "MinimumBaseAmount": {
      "Value": 0.5
    },
    "MinimumQuoteAmount": {
      "Value": 5.0
    }
  },
  {
    "Name": {
      "Value": "ONG-BTC",
      "BaseSymbol": {
        "Value": "ONG"
      },
      "QuoteSymbol": {
        "Value": "BTC"
      }
    },
    "MinimumBaseAmount": {
      "Value": 20.0
    },
    "MinimumQuoteAmount": {
      "Value": 0.001
    }
  },
  {
    "Name": {
      "Value": "ONG-EUR",
      "BaseSymbol": {
        "Value": "ONG"
      },
      "QuoteSymbol": {
        "Value": "EUR"
      }
    },
    "MinimumBaseAmount": {
      "Value": 5.0
    },
    "MinimumQuoteAmount": {
      "Value": 5.0
    }
  },
  {
    "Name": {
      "Value": "ONT-BTC",
      "BaseSymbol": {
        "Value": "ONT"
      },
      "QuoteSymbol": {
        "Value": "BTC"
      }
    },
    "MinimumBaseAmount": {
      "Value": 6.0
    },
    "MinimumQuoteAmount": {
      "Value": 0.001
    }
  },
  {
    "Name": {
      "Value": "ONT-EUR",
      "BaseSymbol": {
        "Value": "ONT"
      },
      "QuoteSymbol": {
        "Value": "EUR"
      }
    },
    "MinimumBaseAmount": {
      "Value": 3.0
    },
    "MinimumQuoteAmount": {
      "Value": 5.0
    }
  },
  {
    "Name": {
      "Value": "OXT-EUR",
      "BaseSymbol": {
        "Value": "OXT"
      },
      "QuoteSymbol": {
        "Value": "EUR"
      }
    },
    "MinimumBaseAmount": {
      "Value": 6.0
    },
    "MinimumQuoteAmount": {
      "Value": 5.0
    }
  },
  {
    "Name": {
      "Value": "POWR-BTC",
      "BaseSymbol": {
        "Value": "POWR"
      },
      "QuoteSymbol": {
        "Value": "BTC"
      }
    },
    "MinimumBaseAmount": {
      "Value": 30.0
    },
    "MinimumQuoteAmount": {
      "Value": 0.001
    }
  },
  {
    "Name": {
      "Value": "POWR-EUR",
      "BaseSymbol": {
        "Value": "POWR"
      },
      "QuoteSymbol": {
        "Value": "EUR"
      }
    },
    "MinimumBaseAmount": {
      "Value": 9.0
    },
    "MinimumQuoteAmount": {
      "Value": 5.0
    }
  },
  {
    "Name": {
      "Value": "PUNDIX-EUR",
      "BaseSymbol": {
        "Value": "PUNDIX"
      },
      "QuoteSymbol": {
        "Value": "EUR"
      }
    },
    "MinimumBaseAmount": {
      "Value": 0.6
    },
    "MinimumQuoteAmount": {
      "Value": 5.0
    }
  },
  {
    "Name": {
      "Value": "QTUM-BTC",
      "BaseSymbol": {
        "Value": "QTUM"
      },
      "QuoteSymbol": {
        "Value": "BTC"
      }
    },
    "MinimumBaseAmount": {
      "Value": 1.0
    },
    "MinimumQuoteAmount": {
      "Value": 0.001
    }
  },
  {
    "Name": {
      "Value": "QTUM-EUR",
      "BaseSymbol": {
        "Value": "QTUM"
      },
      "QuoteSymbol": {
        "Value": "EUR"
      }
    },
    "MinimumBaseAmount": {
      "Value": 0.3
    },
    "MinimumQuoteAmount": {
      "Value": 5.0
    }
  },
  {
    "Name": {
      "Value": "RDD-BTC",
      "BaseSymbol": {
        "Value": "RDD"
      },
      "QuoteSymbol": {
        "Value": "BTC"
      }
    },
    "MinimumBaseAmount": {
      "Value": 3000.0
    },
    "MinimumQuoteAmount": {
      "Value": 0.001
    }
  },
  {
    "Name": {
      "Value": "RDD-EUR",
      "BaseSymbol": {
        "Value": "RDD"
      },
      "QuoteSymbol": {
        "Value": "EUR"
      }
    },
    "MinimumBaseAmount": {
      "Value": 3000.0
    },
    "MinimumQuoteAmount": {
      "Value": 5.0
    }
  },
  {
    "Name": {
      "Value": "REN-EUR",
      "BaseSymbol": {
        "Value": "REN"
      },
      "QuoteSymbol": {
        "Value": "EUR"
      }
    },
    "MinimumBaseAmount": {
      "Value": 4.0
    },
    "MinimumQuoteAmount": {
      "Value": 5.0
    }
  },
  {
    "Name": {
      "Value": "REP-EUR",
      "BaseSymbol": {
        "Value": "REP"
      },
      "QuoteSymbol": {
        "Value": "EUR"
      }
    },
    "MinimumBaseAmount": {
      "Value": 0.1
    },
    "MinimumQuoteAmount": {
      "Value": 5.0
    }
  },
  {
    "Name": {
      "Value": "REQ-BTC",
      "BaseSymbol": {
        "Value": "REQ"
      },
      "QuoteSymbol": {
        "Value": "BTC"
      }
    },
    "MinimumBaseAmount": {
      "Value": 100.0
    },
    "MinimumQuoteAmount": {
      "Value": 0.001
    }
  },
  {
    "Name": {
      "Value": "REQ-EUR",
      "BaseSymbol": {
        "Value": "REQ"
      },
      "QuoteSymbol": {
        "Value": "EUR"
      }
    },
    "MinimumBaseAmount": {
      "Value": 30.0
    },
    "MinimumQuoteAmount": {
      "Value": 5.0
    }
  },
  {
    "Name": {
      "Value": "RLC-EUR",
      "BaseSymbol": {
        "Value": "RLC"
      },
      "QuoteSymbol": {
        "Value": "EUR"
      }
    },
    "MinimumBaseAmount": {
      "Value": 1.0
    },
    "MinimumQuoteAmount": {
      "Value": 5.0
    }
  },
  {
    "Name": {
      "Value": "RSR-EUR",
      "BaseSymbol": {
        "Value": "RSR"
      },
      "QuoteSymbol": {
        "Value": "EUR"
      }
    },
    "MinimumBaseAmount": {
      "Value": 60.0
    },
    "MinimumQuoteAmount": {
      "Value": 5.0
    }
  },
  {
    "Name": {
      "Value": "RVN-BTC",
      "BaseSymbol": {
        "Value": "RVN"
      },
      "QuoteSymbol": {
        "Value": "BTC"
      }
    },
    "MinimumBaseAmount": {
      "Value": 200.0
    },
    "MinimumQuoteAmount": {
      "Value": 0.001
    }
  },
  {
    "Name": {
      "Value": "RVN-EUR",
      "BaseSymbol": {
        "Value": "RVN"
      },
      "QuoteSymbol": {
        "Value": "EUR"
      }
    },
    "MinimumBaseAmount": {
      "Value": 20.0
    },
    "MinimumQuoteAmount": {
      "Value": 5.0
    }
  },
  {
    "Name": {
      "Value": "SNT-BTC",
      "BaseSymbol": {
        "Value": "SNT"
      },
      "QuoteSymbol": {
        "Value": "BTC"
      }
    },
    "MinimumBaseAmount": {
      "Value": 70.0
    },
    "MinimumQuoteAmount": {
      "Value": 0.001
    }
  },
  {
    "Name": {
      "Value": "SNT-EUR",
      "BaseSymbol": {
        "Value": "SNT"
      },
      "QuoteSymbol": {
        "Value": "EUR"
      }
    },
    "MinimumBaseAmount": {
      "Value": 30.0
    },
    "MinimumQuoteAmount": {
      "Value": 5.0
    }
  },
  {
    "Name": {
      "Value": "SNX-EUR",
      "BaseSymbol": {
        "Value": "SNX"
      },
      "QuoteSymbol": {
        "Value": "EUR"
      }
    },
    "MinimumBaseAmount": {
      "Value": 0.1
    },
    "MinimumQuoteAmount": {
      "Value": 5.0
    }
  },
  {
    "Name": {
      "Value": "SOL-EUR",
      "BaseSymbol": {
        "Value": "SOL"
      },
      "QuoteSymbol": {
        "Value": "EUR"
      }
    },
    "MinimumBaseAmount": {
      "Value": 0.1
    },
    "MinimumQuoteAmount": {
      "Value": 5.0
    }
  },
  {
    "Name": {
      "Value": "STEEM-BTC",
      "BaseSymbol": {
        "Value": "STEEM"
      },
      "QuoteSymbol": {
        "Value": "BTC"
      }
    },
    "MinimumBaseAmount": {
      "Value": 20.0
    },
    "MinimumQuoteAmount": {
      "Value": 0.001
    }
  },
  {
    "Name": {
      "Value": "STEEM-EUR",
      "BaseSymbol": {
        "Value": "STEEM"
      },
      "QuoteSymbol": {
        "Value": "EUR"
      }
    },
    "MinimumBaseAmount": {
      "Value": 4.0
    },
    "MinimumQuoteAmount": {
      "Value": 5.0
    }
  },
  {
    "Name": {
      "Value": "STMX-BTC",
      "BaseSymbol": {
        "Value": "STMX"
      },
      "QuoteSymbol": {
        "Value": "BTC"
      }
    },
    "MinimumBaseAmount": {
      "Value": 1000.0
    },
    "MinimumQuoteAmount": {
      "Value": 0.001
    }
  },
  {
    "Name": {
      "Value": "STMX-EUR",
      "BaseSymbol": {
        "Value": "STMX"
      },
      "QuoteSymbol": {
        "Value": "EUR"
      }
    },
    "MinimumBaseAmount": {
      "Value": 70.0
    },
    "MinimumQuoteAmount": {
      "Value": 5.0
    }
  },
  {
    "Name": {
      "Value": "STORJ-EUR",
      "BaseSymbol": {
        "Value": "STORJ"
      },
      "QuoteSymbol": {
        "Value": "EUR"
      }
    },
    "MinimumBaseAmount": {
      "Value": 2.0
    },
    "MinimumQuoteAmount": {
      "Value": 5.0
    }
  },
  {
    "Name": {
      "Value": "STORM-BTC",
      "BaseSymbol": {
        "Value": "STORM"
      },
      "QuoteSymbol": {
        "Value": "BTC"
      }
    },
    "MinimumBaseAmount": {
      "Value": 1500.0
    },
    "MinimumQuoteAmount": {
      "Value": 0.001
    }
  },
  {
    "Name": {
      "Value": "STORM-EUR",
      "BaseSymbol": {
        "Value": "STORM"
      },
      "QuoteSymbol": {
        "Value": "EUR"
      }
    },
    "MinimumBaseAmount": {
      "Value": 1500.0
    },
    "MinimumQuoteAmount": {
      "Value": 5.0
    }
  },
  {
    "Name": {
      "Value": "STRAT-BTC",
      "BaseSymbol": {
        "Value": "STRAT"
      },
      "QuoteSymbol": {
        "Value": "BTC"
      }
    },
    "MinimumBaseAmount": {
      "Value": 5.0
    },
    "MinimumQuoteAmount": {
      "Value": 0.001
    }
  },
  {
    "Name": {
      "Value": "STRAT-EUR",
      "BaseSymbol": {
        "Value": "STRAT"
      },
      "QuoteSymbol": {
        "Value": "EUR"
      }
    },
    "MinimumBaseAmount": {
      "Value": 5.0
    },
    "MinimumQuoteAmount": {
      "Value": 5.0
    }
  },
  {
    "Name": {
      "Value": "STRAX-EUR",
      "BaseSymbol": {
        "Value": "STRAX"
      },
      "QuoteSymbol": {
        "Value": "EUR"
      }
    },
    "MinimumBaseAmount": {
      "Value": 2.0
    },
    "MinimumQuoteAmount": {
      "Value": 5.0
    }
  },
  {
    "Name": {
      "Value": "SUSHI-EUR",
      "BaseSymbol": {
        "Value": "SUSHI"
      },
      "QuoteSymbol": {
        "Value": "EUR"
      }
    },
    "MinimumBaseAmount": {
      "Value": 0.2
    },
    "MinimumQuoteAmount": {
      "Value": 5.0
    }
  },
  {
    "Name": {
      "Value": "SXP-EUR",
      "BaseSymbol": {
        "Value": "SXP"
      },
      "QuoteSymbol": {
        "Value": "EUR"
      }
    },
    "MinimumBaseAmount": {
      "Value": 1.0
    },
    "MinimumQuoteAmount": {
      "Value": 5.0
    }
  },
  {
    "Name": {
      "Value": "TRB-EUR",
      "BaseSymbol": {
        "Value": "TRB"
      },
      "QuoteSymbol": {
        "Value": "EUR"
      }
    },
    "MinimumBaseAmount": {
      "Value": 0.04
    },
    "MinimumQuoteAmount": {
      "Value": 5.0
    }
  },
  {
    "Name": {
      "Value": "TRX-BTC",
      "BaseSymbol": {
        "Value": "TRX"
      },
      "QuoteSymbol": {
        "Value": "BTC"
      }
    },
    "MinimumBaseAmount": {
      "Value": 100.0
    },
    "MinimumQuoteAmount": {
      "Value": 0.001
    }
  },
  {
    "Name": {
      "Value": "TRX-EUR",
      "BaseSymbol": {
        "Value": "TRX"
      },
      "QuoteSymbol": {
        "Value": "EUR"
      }
    },
    "MinimumBaseAmount": {
      "Value": 30.0
    },
    "MinimumQuoteAmount": {
      "Value": 5.0
    }
  },
  {
    "Name": {
      "Value": "UMA-EUR",
      "BaseSymbol": {
        "Value": "UMA"
      },
      "QuoteSymbol": {
        "Value": "EUR"
      }
    },
    "MinimumBaseAmount": {
      "Value": 0.1
    },
    "MinimumQuoteAmount": {
      "Value": 5.0
    }
  },
  {
    "Name": {
      "Value": "UNI-EUR",
      "BaseSymbol": {
        "Value": "UNI"
      },
      "QuoteSymbol": {
        "Value": "EUR"
      }
    },
    "MinimumBaseAmount": {
      "Value": 0.1
    },
    "MinimumQuoteAmount": {
      "Value": 5.0
    }
  },
  {
    "Name": {
      "Value": "USDC-EUR",
      "BaseSymbol": {
        "Value": "USDC"
      },
      "QuoteSymbol": {
        "Value": "EUR"
      }
    },
    "MinimumBaseAmount": {
      "Value": 5.0
    },
    "MinimumQuoteAmount": {
      "Value": 5.0
    }
  },
  {
    "Name": {
      "Value": "USDT-EUR",
      "BaseSymbol": {
        "Value": "USDT"
      },
      "QuoteSymbol": {
        "Value": "EUR"
      }
    },
    "MinimumBaseAmount": {
      "Value": 5.0
    },
    "MinimumQuoteAmount": {
      "Value": 5.0
    }
  },
  {
    "Name": {
      "Value": "UTK-EUR",
      "BaseSymbol": {
        "Value": "UTK"
      },
      "QuoteSymbol": {
        "Value": "EUR"
      }
    },
    "MinimumBaseAmount": {
      "Value": 8.0
    },
    "MinimumQuoteAmount": {
      "Value": 5.0
    }
  },
  {
    "Name": {
      "Value": "VET-BTC",
      "BaseSymbol": {
        "Value": "VET"
      },
      "QuoteSymbol": {
        "Value": "BTC"
      }
    },
    "MinimumBaseAmount": {
      "Value": 100.0
    },
    "MinimumQuoteAmount": {
      "Value": 0.001
    }
  },
  {
    "Name": {
      "Value": "VET-EUR",
      "BaseSymbol": {
        "Value": "VET"
      },
      "QuoteSymbol": {
        "Value": "EUR"
      }
    },
    "MinimumBaseAmount": {
      "Value": 20.0
    },
    "MinimumQuoteAmount": {
      "Value": 5.0
    }
  },
  {
    "Name": {
      "Value": "VTC-BTC",
      "BaseSymbol": {
        "Value": "VTC"
      },
      "QuoteSymbol": {
        "Value": "BTC"
      }
    },
    "MinimumBaseAmount": {
      "Value": 20.0
    },
    "MinimumQuoteAmount": {
      "Value": 0.001
    }
  },
  {
    "Name": {
      "Value": "VTC-EUR",
      "BaseSymbol": {
        "Value": "VTC"
      },
      "QuoteSymbol": {
        "Value": "EUR"
      }
    },
    "MinimumBaseAmount": {
      "Value": 2.0
    },
    "MinimumQuoteAmount": {
      "Value": 5.0
    }
  },
  {
    "Name": {
      "Value": "VTHO-BTC",
      "BaseSymbol": {
        "Value": "VTHO"
      },
      "QuoteSymbol": {
        "Value": "BTC"
      }
    },
    "MinimumBaseAmount": {
      "Value": 4000.0
    },
    "MinimumQuoteAmount": {
      "Value": 0.001
    }
  },
  {
    "Name": {
      "Value": "VTHO-EUR",
      "BaseSymbol": {
        "Value": "VTHO"
      },
      "QuoteSymbol": {
        "Value": "EUR"
      }
    },
    "MinimumBaseAmount": {
      "Value": 200.0
    },
    "MinimumQuoteAmount": {
      "Value": 5.0
    }
  },
  {
    "Name": {
      "Value": "WAVES-BTC",
      "BaseSymbol": {
        "Value": "WAVES"
      },
      "QuoteSymbol": {
        "Value": "BTC"
      }
    },
    "MinimumBaseAmount": {
      "Value": 0.6
    },
    "MinimumQuoteAmount": {
      "Value": 0.001
    }
  },
  {
    "Name": {
      "Value": "WAVES-EUR",
      "BaseSymbol": {
        "Value": "WAVES"
      },
      "QuoteSymbol": {
        "Value": "EUR"
      }
    },
    "MinimumBaseAmount": {
      "Value": 0.3
    },
    "MinimumQuoteAmount": {
      "Value": 5.0
    }
  },
  {
    "Name": {
      "Value": "WTC-BTC",
      "BaseSymbol": {
        "Value": "WTC"
      },
      "QuoteSymbol": {
        "Value": "BTC"
      }
    },
    "MinimumBaseAmount": {
      "Value": 10.0
    },
    "MinimumQuoteAmount": {
      "Value": 0.001
    }
  },
  {
    "Name": {
      "Value": "WTC-EUR",
      "BaseSymbol": {
        "Value": "WTC"
      },
      "QuoteSymbol": {
        "Value": "EUR"
      }
    },
    "MinimumBaseAmount": {
      "Value": 3.0
    },
    "MinimumQuoteAmount": {
      "Value": 5.0
    }
  },
  {
    "Name": {
      "Value": "XEM-BTC",
      "BaseSymbol": {
        "Value": "XEM"
      },
      "QuoteSymbol": {
        "Value": "BTC"
      }
    },
    "MinimumBaseAmount": {
      "Value": 20.0
    },
    "MinimumQuoteAmount": {
      "Value": 0.001
    }
  },
  {
    "Name": {
      "Value": "XEM-EUR",
      "BaseSymbol": {
        "Value": "XEM"
      },
      "QuoteSymbol": {
        "Value": "EUR"
      }
    },
    "MinimumBaseAmount": {
      "Value": 10.0
    },
    "MinimumQuoteAmount": {
      "Value": 5.0
    }
  },
  {
    "Name": {
      "Value": "XLM-BTC",
      "BaseSymbol": {
        "Value": "XLM"
      },
      "QuoteSymbol": {
        "Value": "BTC"
      }
    },
    "MinimumBaseAmount": {
      "Value": 10.0
    },
    "MinimumQuoteAmount": {
      "Value": 0.001
    }
  },
  {
    "Name": {
      "Value": "XLM-EUR",
      "BaseSymbol": {
        "Value": "XLM"
      },
      "QuoteSymbol": {
        "Value": "EUR"
      }
    },
    "MinimumBaseAmount": {
      "Value": 10.0
    },
    "MinimumQuoteAmount": {
      "Value": 5.0
    }
  },
  {
    "Name": {
      "Value": "XRP-BTC",
      "BaseSymbol": {
        "Value": "XRP"
      },
      "QuoteSymbol": {
        "Value": "BTC"
      }
    },
    "MinimumBaseAmount": {
      "Value": 10.0
    },
    "MinimumQuoteAmount": {
      "Value": 0.001
    }
  },
  {
    "Name": {
      "Value": "XRP-EUR",
      "BaseSymbol": {
        "Value": "XRP"
      },
      "QuoteSymbol": {
        "Value": "EUR"
      }
    },
    "MinimumBaseAmount": {
      "Value": 3.0
    },
    "MinimumQuoteAmount": {
      "Value": 5.0
    }
  },
  {
    "Name": {
      "Value": "XTZ-BTC",
      "BaseSymbol": {
        "Value": "XTZ"
      },
      "QuoteSymbol": {
        "Value": "BTC"
      }
    },
    "MinimumBaseAmount": {
      "Value": 1.0
    },
    "MinimumQuoteAmount": {
      "Value": 0.001
    }
  },
  {
    "Name": {
      "Value": "XTZ-EUR",
      "BaseSymbol": {
        "Value": "XTZ"
      },
      "QuoteSymbol": {
        "Value": "EUR"
      }
    },
    "MinimumBaseAmount": {
      "Value": 1.0
    },
    "MinimumQuoteAmount": {
      "Value": 5.0
    }
  },
  {
    "Name": {
      "Value": "XVG-BTC",
      "BaseSymbol": {
        "Value": "XVG"
      },
      "QuoteSymbol": {
        "Value": "BTC"
      }
    },
    "MinimumBaseAmount": {
      "Value": 300.0
    },
    "MinimumQuoteAmount": {
      "Value": 0.001
    }
  },
  {
    "Name": {
      "Value": "XVG-EUR",
      "BaseSymbol": {
        "Value": "XVG"
      },
      "QuoteSymbol": {
        "Value": "EUR"
      }
    },
    "MinimumBaseAmount": {
      "Value": 100.0
    },
    "MinimumQuoteAmount": {
      "Value": 5.0
    }
  },
  {
    "Name": {
      "Value": "YFI-EUR",
      "BaseSymbol": {
        "Value": "YFI"
      },
      "QuoteSymbol": {
        "Value": "EUR"
      }
    },
    "MinimumBaseAmount": {
      "Value": 0.0001
    },
    "MinimumQuoteAmount": {
      "Value": 5.0
    }
  },
  {
    "Name": {
      "Value": "YFII-EUR",
      "BaseSymbol": {
        "Value": "YFII"
      },
      "QuoteSymbol": {
        "Value": "EUR"
      }
    },
    "MinimumBaseAmount": {
      "Value": 0.001
    },
    "MinimumQuoteAmount": {
      "Value": 5.0
    }
  },
  {
    "Name": {
      "Value": "ZIL-BTC",
      "BaseSymbol": {
        "Value": "ZIL"
      },
      "QuoteSymbol": {
        "Value": "BTC"
      }
    },
    "MinimumBaseAmount": {
      "Value": 50.0
    },
    "MinimumQuoteAmount": {
      "Value": 0.001
    }
  },
  {
    "Name": {
      "Value": "ZIL-EUR",
      "BaseSymbol": {
        "Value": "ZIL"
      },
      "QuoteSymbol": {
        "Value": "EUR"
      }
    },
    "MinimumBaseAmount": {
      "Value": 20.0
    },
    "MinimumQuoteAmount": {
      "Value": 5.0
    }
  },
  {
    "Name": {
      "Value": "ZRX-BTC",
      "BaseSymbol": {
        "Value": "ZRX"
      },
      "QuoteSymbol": {
        "Value": "BTC"
      }
    },
    "MinimumBaseAmount": {
      "Value": 7.0
    },
    "MinimumQuoteAmount": {
      "Value": 0.001
    }
  },
  {
    "Name": {
      "Value": "ZRX-EUR",
      "BaseSymbol": {
        "Value": "ZRX"
      },
      "QuoteSymbol": {
        "Value": "EUR"
      }
    },
    "MinimumBaseAmount": {
      "Value": 3.0
    },
    "MinimumQuoteAmount": {
      "Value": 5.0
    }
  }
]
