[
  {
    "Symbol": {
      "Value": "EUR"
    },
    "Available": {
      "Value": 0.0
    },
    "InOrder": {
      "Value": 11.03
    }
  },
  {
    "Symbol": {
      "Value": "ADA"
    },
    "Available": {
      "Value": 0.0
    },
    "InOrder": {
      "Value": 0.0
    }
  },
  {
    "Symbol": {
      "Value": "ARK"
    },
    "Available": {
      "Value": 0.0
    },
    "InOrder": {
      "Value": 0.0
    }
  },
  {
    "Symbol": {
      "Value": "BAT"
    },
    "Available": {
      "Value": 0.0
    },
    "InOrder": {
      "Value": 0.0
    }
  },
  {
    "Symbol": {
      "Value": "BTC"
    },
    "Available": {
      "Value": 0.00000024
    },
    "InOrder": {
      "Value": 0.0
    }
  },
  {
    "Symbol": {
      "Value": "CHZ"
    },
    "Available": {
      "Value": 0.0
    },
    "InOrder": {
      "Value": 0.0
    }
  },
  {
    "Symbol": {
      "Value": "CMT"
    },
    "Available": {
      "Value": 0.0
    },
    "InOrder": {
      "Value": 0.0
    }
  },
  {
    "Symbol": {
      "Value": "ETH"
    },
    "Available": {
      "Value": 0.01959154
    },
    "InOrder": {
      "Value": 0.0
    }
  },
  {
    "Symbol": {
      "Value": "GAS"
    },
    "Available": {
      "Value": 0.0
    },
    "InOrder": {
      "Value": 0.0
    }
  },
  {
    "Symbol": {
      "Value": "HOT"
    },
    "Available": {
      "Value": 0.0
    },
    "InOrder": {
      "Value": 0.0
    }
  },
  {
    "Symbol": {
      "Value": "LTC"
    },
    "Available": {
      "Value": 0.00011392
    },
    "InOrder": {
      "Value": 0.0
    }
  },
  {
    "Symbol": {
      "Value": "NPXS"
    },
    "Available": {
      "Value": 0.0
    },
    "InOrder": {
      "Value": 0.0
    }
  },
  {
    "Symbol": {
      "Value": "TRX"
    },
    "Available": {
      "Value": 0.0
    },
    "InOrder": {
      "Value": 0.0
    }
  },
  {
    "Symbol": {
      "Value": "XEM"
    },
    "Available": {
      "Value": 0.0
    },
    "InOrder": {
      "Value": 0.0
    }
  }
]
